<!doctype html public "-//w3c//dtd html 4.0 transitional//en">
<html><head>
<title>Static Call Graph - [.\out_DA14531\Objects\empty_peripheral_template_531.axf]</title></head>
<body><HR>
<H1>Static Call Graph for image .\out_DA14531\Objects\empty_peripheral_template_531.axf</H1><HR>
<BR><P>#&#060CALLGRAPH&#062# ARM Linker, 6240002: Last Updated: Tue Aug  4 22:59:59 2026
<BR><P>
<H3>Maximum Stack Usage =        240 bytes + Unknown(Cycles, Untraceable Function Pointers)</H3><H3>
Call chain for Maximum Stack Depth:</H3>
main &rArr; rf_recalibration &rArr; rf_ldo_calibration &rArr; _ldo_radio_calibration
<P>
<H3>
Mutually Recursive functions
</H3> <LI><a href="#[3]">Default_Handler</a>&nbsp;&nbsp;&nbsp;&rArr;&nbsp;&nbsp;&nbsp;<a href="#[3]">Default_Handler</a><BR>
</UL>
<P>
<H3>
Function Pointers
</H3><UL>
 <LI><a href="#[a]">ADC_Handler</a> from lto-llvm-b00a77.o(.text.ADC_Handler) referenced from lto-llvm-b00a77.o(RESET)
 <LI><a href="#[b]">BLE_RF_DIAG_Handler</a> from lto-llvm-b00a77.o(.text.BLE_RF_DIAG_Handler) referenced from lto-llvm-b00a77.o(RESET)
 <LI><a href="#[5]">BLE_WAKEUP_LP_Handler</a> from lto-llvm-b00a77.o(.text.BLE_WAKEUP_LP_Handler) referenced from lto-llvm-b00a77.o(RESET)
 <LI><a href="#[12]">DMA_Handler</a> from lto-llvm-b00a77.o(.text.DMA_Handler) referenced from lto-llvm-b00a77.o(RESET)
 <LI><a href="#[3]">Default_Handler</a> from lto-llvm-b00a77.o(startup_code_DA14xxx) referenced 16 times from lto-llvm-b00a77.o(RESET)
 <LI><a href="#[c]">GPIO0_Handler</a> from lto-llvm-b00a77.o(.text.GPIO0_Handler) referenced from lto-llvm-b00a77.o(RESET)
 <LI><a href="#[d]">GPIO1_Handler</a> from lto-llvm-b00a77.o(.text.GPIO1_Handler) referenced from lto-llvm-b00a77.o(RESET)
 <LI><a href="#[e]">GPIO2_Handler</a> from lto-llvm-b00a77.o(.text.GPIO2_Handler) referenced from lto-llvm-b00a77.o(RESET)
 <LI><a href="#[f]">GPIO3_Handler</a> from lto-llvm-b00a77.o(.text.GPIO3_Handler) referenced from lto-llvm-b00a77.o(RESET)
 <LI><a href="#[10]">GPIO4_Handler</a> from lto-llvm-b00a77.o(.text.GPIO4_Handler) referenced from lto-llvm-b00a77.o(RESET)
 <LI><a href="#[1f]">GPIO_ConfigurePin</a> from lto-llvm-b00a77.o(.text.GPIO_ConfigurePin) referenced from lto-llvm-b00a77.o(.text.periph_init)
 <LI><a href="#[2]">HardFault_Handler</a> from lto-llvm-b00a77.o(startup_code_DA14xxx) referenced from lto-llvm-b00a77.o(RESET)
 <LI><a href="#[2f]">HardFault_HandlerC</a> from lto-llvm-b00a77.o(.text.HardFault_HandlerC) referenced from lto-llvm-b00a77.o(startup_code_DA14xxx)
 <LI><a href="#[9]">I2C_Handler</a> from lto-llvm-b00a77.o(.text.I2C_Handler) referenced from lto-llvm-b00a77.o(RESET)
 <LI><a href="#[91]">JT_l2cc_pdu_recv_ind_handler_func</a> from patch_1.o(.text) referenced from lto-llvm-b00a77.o(.rodata.rom_func_addr_table_var)
 <LI><a href="#[8e]">JT_l2cc_pdu_unpack_func</a> from patch_1.o(.text) referenced from lto-llvm-b00a77.o(.rodata.rom_func_addr_table_var)
 <LI><a href="#[81]">JT_lld_test_mode_rx_func</a> from patch_1.o(.text) referenced from lto-llvm-b00a77.o(.rodata.rom_func_addr_table_var)
 <LI><a href="#[1]">NMI_Handler</a> from lto-llvm-b00a77.o(startup_code_DA14xxx) referenced from lto-llvm-b00a77.o(RESET)
 <LI><a href="#[2e]">NMI_HandlerC</a> from lto-llvm-b00a77.o(.text.NMI_HandlerC) referenced from lto-llvm-b00a77.o(startup_code_DA14xxx)
 <LI><a href="#[4d]">PATCHED_llc_data_ind_handler</a> from patch_1.o(.text) referenced from lto-llvm-b00a77.o(.rodata.my_custom_msg_handlers)
 <LI><a href="#[4e]">PATCHED_lld_data_ind_handler</a> from patch_1.o(.text) referenced from lto-llvm-b00a77.o(.rodata.my_custom_msg_handlers)
 <LI><a href="#[1c]">PATCHED_llm_con_req_ind</a> from patch_1.o(.text) referenced from lto-llvm-b00a77.o(.text.periph_init)
 <LI><a href="#[1d]">PATCHED_smpc_recv_pair_rand_pdu</a> from patch_1.o(.text) referenced from lto-llvm-b00a77.o(.text.periph_init)
 <LI><a href="#[1e]">PATCHED_smpc_recv_public_key_exchange_pdu</a> from patch_1.o(.text) referenced from lto-llvm-b00a77.o(.text.periph_init)
 <LI><a href="#[97]">PK_PointMult_func</a> from da14531_symbols.txt(ABSOLUTE) referenced from lto-llvm-b00a77.o(.rodata.rom_func_addr_table_var)
 <LI><a href="#[29]">RADIOCNTL_Handler</a> from lto-llvm-b00a77.o(.text.RADIOCNTL_Handler) referenced from lto-llvm-b00a77.o(.text.rf_init_func)
 <LI><a href="#[0]">Reset_Handler</a> from lto-llvm-b00a77.o(startup_code_DA14xxx) referenced from lto-llvm-b00a77.o(RESET)
 <LI><a href="#[4]">SysTick_Handler</a> from lto-llvm-b00a77.o(.text.SysTick_Handler) referenced from lto-llvm-b00a77.o(RESET)
 <LI><a href="#[8]">UART2_Handler</a> from lto-llvm-b00a77.o(.text.UART2_Handler) referenced from lto-llvm-b00a77.o(RESET)
 <LI><a href="#[7]">UART_Handler</a> from da14531_symbols.txt(ABSOLUTE) referenced from lto-llvm-b00a77.o(RESET)
 <LI><a href="#[62]">UART_Handler_func</a> from da14531_symbols.txt(ABSOLUTE) referenced from lto-llvm-b00a77.o(.rodata.rom_func_addr_table_var)
 <LI><a href="#[11]">WKUP_QUADEC_Handler</a> from lto-llvm-b00a77.o(.text.WKUP_QUADEC_Handler) referenced from lto-llvm-b00a77.o(RESET)
 <LI><a href="#[24]">_WAIT10</a> from common.o(.text) referenced from lto-llvm-b00a77.o(.text.rf_calibration)
 <LI><a href="#[22]">_WAIT400</a> from common.o(.text) referenced from lto-llvm-b00a77.o(.text.rf_calibration)
 <LI><a href="#[14]">adv_data_update_timer_cb</a> from lto-llvm-b00a77.o(.text.adv_data_update_timer_cb) referenced from lto-llvm-b00a77.o(.text.adv_data_update_timer_cb)
 <LI><a href="#[14]">adv_data_update_timer_cb</a> from lto-llvm-b00a77.o(.text.adv_data_update_timer_cb) referenced from lto-llvm-b00a77.o(.text.user_app_adv_start)
 <LI><a href="#[43]">app_custs1_create_db</a> from lto-llvm-b00a77.o(.text.app_custs1_create_db) referenced from lto-llvm-b00a77.o(.rodata.cust_prf_funcs)
 <LI><a href="#[42]">app_custs1_process_handler</a> from lto-llvm-b00a77.o(.text.app_custs1_process_handler) referenced from lto-llvm-b00a77.o(.rodata.app_process_handlers)
 <LI><a href="#[53]">app_db_init_next</a> from lto-llvm-b00a77.o(.text.app_db_init_next) referenced from lto-llvm-b00a77.o(.rodata.rom_app_task_cfg)
 <LI><a href="#[4f]">app_diss_create_db</a> from lto-llvm-b00a77.o(.text.app_diss_create_db) referenced from lto-llvm-b00a77.o(.rodata.prf_funcs)
 <LI><a href="#[41]">app_diss_process_handler</a> from lto-llvm-b00a77.o(.text.app_diss_process_handler) referenced from lto-llvm-b00a77.o(.rodata.app_process_handlers)
 <LI><a href="#[52]">app_easy_gap_dev_configure</a> from lto-llvm-b00a77.o(.text.app_easy_gap_dev_configure) referenced from lto-llvm-b00a77.o(.rodata.rom_app_task_cfg)
 <LI><a href="#[30]">app_entry_point_handler</a> from da14531_symbols.txt(ABSOLUTE) referenced from lto-llvm-b00a77.o(.rodata.app_default_state)
 <LI><a href="#[3f]">app_gap_process_handler_RAM</a> from lto-llvm-b00a77.o(.text.app_gap_process_handler_RAM) referenced from lto-llvm-b00a77.o(.rodata.app_process_handlers)
 <LI><a href="#[40]">app_timer_api_process_handler</a> from lto-llvm-b00a77.o(.text.app_timer_api_process_handler) referenced from lto-llvm-b00a77.o(.rodata.app_process_handlers)
 <LI><a href="#[58]">arch_force_active_mode</a> from lto-llvm-b00a77.o(.text.arch_force_active_mode) referenced from lto-llvm-b00a77.o(.rodata.rom_console_cfg)
 <LI><a href="#[57]">arch_restore_sleep_mode</a> from lto-llvm-b00a77.o(.text.arch_restore_sleep_mode) referenced from lto-llvm-b00a77.o(.rodata.rom_console_cfg)
 <LI><a href="#[94]">attc_l2cc_pdu_recv_handler_func</a> from da14531_symbols.txt(ABSOLUTE) referenced from lto-llvm-b00a77.o(.rodata.rom_func_addr_table_var)
 <LI><a href="#[93]">atts_l2cc_pdu_recv_handler_func</a> from da14531_symbols.txt(ABSOLUTE) referenced from lto-llvm-b00a77.o(.rodata.rom_func_addr_table_var)
 <LI><a href="#[a2]">ba431_get_rand_func</a> from lto-llvm-b00a77.o(.text.ba431_get_rand_func) referenced from lto-llvm-b00a77.o(.rodata.rom_func_addr_table_var)
 <LI><a href="#[a6]">ble_init_arp_func</a> from lto-llvm-b00a77.o(.text.ble_init_arp_func) referenced from lto-llvm-b00a77.o(.rodata.rom_func_addr_table_var)
 <LI><a href="#[17]">capture_adxl345_data_cb_handler</a> from lto-llvm-b00a77.o(.text.capture_adxl345_data_cb_handler) referenced from lto-llvm-b00a77.o(.text.capture_adxl345_data_cb_handler)
 <LI><a href="#[17]">capture_adxl345_data_cb_handler</a> from lto-llvm-b00a77.o(.text.capture_adxl345_data_cb_handler) referenced from lto-llvm-b00a77.o(.text.user_catch_rest_hndl)
 <LI><a href="#[18]">capture_mcp9808_data_cb_handler</a> from lto-llvm-b00a77.o(.text.capture_mcp9808_data_cb_handler) referenced from lto-llvm-b00a77.o(.text.capture_mcp9808_data_cb_handler)
 <LI><a href="#[18]">capture_mcp9808_data_cb_handler</a> from lto-llvm-b00a77.o(.text.capture_mcp9808_data_cb_handler) referenced from lto-llvm-b00a77.o(.text.user_catch_rest_hndl)
 <LI><a href="#[95]">crypto_init_func</a> from lto-llvm-b00a77.o(.text.crypto_init_func) referenced from lto-llvm-b00a77.o(.rodata.rom_func_addr_table_var)
 <LI><a href="#[4b]">custs1_att_info_rsp_handler</a> from da14531_symbols.txt(ABSOLUTE) referenced from lto-llvm-b00a77.o(.rodata.custs1_default_state)
 <LI><a href="#[51]">custs1_prf_itf_get</a> from da14531_symbols.txt(ABSOLUTE) referenced from lto-llvm-b00a77.o(.rodata.prf_if)
 <LI><a href="#[4a]">custs1_val_ind_req_handler</a> from da14531_symbols.txt(ABSOLUTE) referenced from lto-llvm-b00a77.o(.rodata.custs1_default_state)
 <LI><a href="#[48]">custs1_val_ntf_req_handler</a> from da14531_symbols.txt(ABSOLUTE) referenced from lto-llvm-b00a77.o(.rodata.custs1_default_state)
 <LI><a href="#[49]">custs1_val_set_req_handler</a> from da14531_symbols.txt(ABSOLUTE) referenced from lto-llvm-b00a77.o(.rodata.custs1_default_state)
 <LI><a href="#[4c]">custs1_value_req_rsp_handler</a> from lto-llvm-b00a77.o(.text.custs1_value_req_rsp_handler) referenced from lto-llvm-b00a77.o(.rodata.custs1_default_state)
 <LI><a href="#[59]">custs_get_func_callbacks</a> from lto-llvm-b00a77.o(.text.custs_get_func_callbacks) referenced from lto-llvm-b00a77.o(.rodata.rom_cust_prf_cfg)
 <LI><a href="#[8a]">dbg_init_func_empty</a> from lto-llvm-b00a77.o(.text.dbg_init_func_empty) referenced from lto-llvm-b00a77.o(.rodata.rom_func_addr_table_var)
 <LI><a href="#[8b]">dbg_platform_reset_complete_func_empty</a> from lto-llvm-b00a77.o(.text.dbg_platform_reset_complete_func_empty) referenced from lto-llvm-b00a77.o(.rodata.rom_func_addr_table_var)
 <LI><a href="#[b1]">default_app_generate_static_random_addr</a> from lto-llvm-b00a77.o(.text.default_app_generate_static_random_addr) referenced from lto-llvm-b00a77.o(.rodata.user_app_callbacks)
 <LI><a href="#[ab]">default_app_on_db_init_complete</a> from lto-llvm-b00a77.o(.text.default_app_on_db_init_complete) referenced from lto-llvm-b00a77.o(.rodata.user_app_callbacks)
 <LI><a href="#[ad]">default_app_on_get_dev_appearance</a> from lto-llvm-b00a77.o(.text.default_app_on_get_dev_appearance) referenced from lto-llvm-b00a77.o(.rodata.user_app_callbacks)
 <LI><a href="#[ac]">default_app_on_get_dev_name</a> from lto-llvm-b00a77.o(.text.default_app_on_get_dev_name) referenced from lto-llvm-b00a77.o(.rodata.user_app_callbacks)
 <LI><a href="#[ae]">default_app_on_get_dev_slv_pref_params</a> from lto-llvm-b00a77.o(.text.default_app_on_get_dev_slv_pref_params) referenced from lto-llvm-b00a77.o(.rodata.user_app_callbacks)
 <LI><a href="#[a9]">default_app_on_set_dev_config_complete</a> from lto-llvm-b00a77.o(.text.default_app_on_set_dev_config_complete) referenced from lto-llvm-b00a77.o(.rodata.user_app_callbacks)
 <LI><a href="#[af]">default_app_on_set_dev_info</a> from lto-llvm-b00a77.o(.text.default_app_on_set_dev_info) referenced from lto-llvm-b00a77.o(.rodata.user_app_callbacks)
 <LI><a href="#[b0]">default_app_update_params_request</a> from lto-llvm-b00a77.o(.text.default_app_update_params_request) referenced from lto-llvm-b00a77.o(.rodata.user_app_callbacks)
 <LI><a href="#[a0]">dia_rand_func</a> from lto-llvm-b00a77.o(.text.dia_rand_func) referenced from lto-llvm-b00a77.o(.rodata.rom_func_addr_table_var)
 <LI><a href="#[a1]">dia_srand_func</a> from lto-llvm-b00a77.o(.text.dia_srand_func) referenced from lto-llvm-b00a77.o(.rodata.rom_func_addr_table_var)
 <LI><a href="#[23]">dis_adpll</a> from lto-llvm-b00a77.o(.text.dis_adpll) referenced from lto-llvm-b00a77.o(.text.rf_calibration)
 <LI><a href="#[20]">dis_hclk</a> from lto-llvm-b00a77.o(.text.dis_hclk) referenced from lto-llvm-b00a77.o(.text.rf_calibration)
 <LI><a href="#[50]">diss_prf_itf_get</a> from da14531_symbols.txt(ABSOLUTE) referenced from lto-llvm-b00a77.o(.rodata.prf_if)
 <LI><a href="#[31]">diss_value_req_ind_handler</a> from lto-llvm-b00a77.o(.text.diss_value_req_ind_handler) referenced from lto-llvm-b00a77.o(.rodata.app_diss_process_handlers)
 <LI><a href="#[21]">en_adpll_tx</a> from lto-llvm-b00a77.o(.text.en_adpll_tx) referenced from lto-llvm-b00a77.o(.text.rf_calibration)
 <LI><a href="#[34]">gapc_cmp_evt_handler_wrapper</a> from lto-llvm-b00a77.o(.text.gapc_cmp_evt_handler_wrapper) referenced from lto-llvm-b00a77.o(.rodata.app_gap_process_handlers)
 <LI><a href="#[35]">gapc_connection_req_ind_handler_wrapper</a> from lto-llvm-b00a77.o(.text.gapc_connection_req_ind_handler_wrapper) referenced from lto-llvm-b00a77.o(.rodata.app_gap_process_handlers)
 <LI><a href="#[36]">gapc_disconnect_ind_handler_wrapper</a> from lto-llvm-b00a77.o(.text.gapc_disconnect_ind_handler_wrapper) referenced from lto-llvm-b00a77.o(.rodata.app_gap_process_handlers)
 <LI><a href="#[37]">gapc_get_dev_info_req_ind_handler_wrapper</a> from lto-llvm-b00a77.o(.text.gapc_get_dev_info_req_ind_handler_wrapper) referenced from lto-llvm-b00a77.o(.rodata.app_gap_process_handlers)
 <LI><a href="#[3c]">gapc_le_pkt_size_ind_handler_wrapper</a> from lto-llvm-b00a77.o(.text.gapc_le_pkt_size_ind_handler_wrapper) referenced from lto-llvm-b00a77.o(.rodata.app_gap_process_handlers)
 <LI><a href="#[92]">gapc_lecb_connect_cfm_handler_func</a> from da14531_symbols.txt(ABSOLUTE) referenced from lto-llvm-b00a77.o(.rodata.rom_func_addr_table_var)
 <LI><a href="#[3b]">gapc_param_update_req_ind_handler_wrapper</a> from lto-llvm-b00a77.o(.text.gapc_param_update_req_ind_handler_wrapper) referenced from lto-llvm-b00a77.o(.rodata.app_gap_process_handlers)
 <LI><a href="#[3e]">gapc_peer_features_ind_handler_wrapper</a> from lto-llvm-b00a77.o(.text.gapc_peer_features_ind_handler_wrapper) referenced from lto-llvm-b00a77.o(.rodata.app_gap_process_handlers)
 <LI><a href="#[38]">gapc_set_dev_info_req_ind_handler_wrapper</a> from lto-llvm-b00a77.o(.text.gapc_set_dev_info_req_ind_handler_wrapper) referenced from lto-llvm-b00a77.o(.rodata.app_gap_process_handlers)
 <LI><a href="#[3a]">gapm_adv_report_ind_handler_wrapper</a> from lto-llvm-b00a77.o(.text.gapm_adv_report_ind_handler_wrapper) referenced from lto-llvm-b00a77.o(.rodata.app_gap_process_handlers)
 <LI><a href="#[33]">gapm_cmp_evt_handler_wrapper</a> from lto-llvm-b00a77.o(.text.gapm_cmp_evt_handler_wrapper) referenced from lto-llvm-b00a77.o(.rodata.app_gap_process_handlers)
 <LI><a href="#[32]">gapm_device_ready_ind_handler_wrapper</a> from lto-llvm-b00a77.o(.text.gapm_device_ready_ind_handler_wrapper) referenced from lto-llvm-b00a77.o(.rodata.app_gap_process_handlers)
 <LI><a href="#[39]">gapm_profile_added_ind_handler_wrapper</a> from lto-llvm-b00a77.o(.text.gapm_profile_added_ind_handler_wrapper) referenced from lto-llvm-b00a77.o(.rodata.app_gap_process_handlers)
 <LI><a href="#[46]">gattc_att_info_req_ind_handler</a> from da14531_symbols.txt(ABSOLUTE) referenced from lto-llvm-b00a77.o(.rodata.custs1_default_state)
 <LI><a href="#[47]">gattc_cmp_evt_handler</a> from da14531_symbols.txt(ABSOLUTE) referenced from lto-llvm-b00a77.o(.rodata.custs1_default_state)
 <LI><a href="#[44]">gattc_read_req_ind_handler</a> from da14531_symbols.txt(ABSOLUTE) referenced from lto-llvm-b00a77.o(.rodata.custs1_default_state)
 <LI><a href="#[3d]">gattc_svc_changed_cfg_ind_handler_wrapper</a> from lto-llvm-b00a77.o(.text.gattc_svc_changed_cfg_ind_handler_wrapper) referenced from lto-llvm-b00a77.o(.rodata.app_gap_process_handlers)
 <LI><a href="#[45]">gattc_write_req_ind_handler</a> from lto-llvm-b00a77.o(.text.gattc_write_req_ind_handler) referenced from lto-llvm-b00a77.o(.rodata.custs1_default_state)
 <LI><a href="#[64]">gtl_eif_init_func</a> from da14531_symbols.txt(ABSOLUTE) referenced from lto-llvm-b00a77.o(.rodata.rom_func_addr_table_var)
 <LI><a href="#[66]">gtl_eif_read_hdr_func</a> from da14531_symbols.txt(ABSOLUTE) referenced from lto-llvm-b00a77.o(.rodata.rom_func_addr_table_var)
 <LI><a href="#[67]">gtl_eif_read_payl_func</a> from da14531_symbols.txt(ABSOLUTE) referenced from lto-llvm-b00a77.o(.rodata.rom_func_addr_table_var)
 <LI><a href="#[65]">gtl_eif_read_start_func</a> from da14531_symbols.txt(ABSOLUTE) referenced from lto-llvm-b00a77.o(.rodata.rom_func_addr_table_var)
 <LI><a href="#[69]">gtl_eif_rx_done_func</a> from da14531_symbols.txt(ABSOLUTE) referenced from lto-llvm-b00a77.o(.rodata.rom_func_addr_table_var)
 <LI><a href="#[68]">gtl_eif_tx_done_func</a> from da14531_symbols.txt(ABSOLUTE) referenced from lto-llvm-b00a77.o(.rodata.rom_func_addr_table_var)
 <LI><a href="#[63]">gtl_init_func</a> from da14531_symbols.txt(ABSOLUTE) referenced from lto-llvm-b00a77.o(.rodata.rom_func_addr_table_var)
 <LI><a href="#[6a]">h4tl_init_func</a> from da14531_symbols.txt(ABSOLUTE) referenced from lto-llvm-b00a77.o(.rodata.rom_func_addr_table_var)
 <LI><a href="#[6f]">h4tl_out_of_sync_func</a> from da14531_symbols.txt(ABSOLUTE) referenced from lto-llvm-b00a77.o(.rodata.rom_func_addr_table_var)
 <LI><a href="#[6c]">h4tl_read_hdr_func</a> from da14531_symbols.txt(ABSOLUTE) referenced from lto-llvm-b00a77.o(.rodata.rom_func_addr_table_var)
 <LI><a href="#[6e]">h4tl_read_next_out_of_sync_func</a> from da14531_symbols.txt(ABSOLUTE) referenced from lto-llvm-b00a77.o(.rodata.rom_func_addr_table_var)
 <LI><a href="#[6d]">h4tl_read_payl_func</a> from da14531_symbols.txt(ABSOLUTE) referenced from lto-llvm-b00a77.o(.rodata.rom_func_addr_table_var)
 <LI><a href="#[6b]">h4tl_read_start_func</a> from da14531_symbols.txt(ABSOLUTE) referenced from lto-llvm-b00a77.o(.rodata.rom_func_addr_table_var)
 <LI><a href="#[71]">h4tl_rx_done_func</a> from da14531_symbols.txt(ABSOLUTE) referenced from lto-llvm-b00a77.o(.rodata.rom_func_addr_table_var)
 <LI><a href="#[70]">h4tl_tx_done_func</a> from da14531_symbols.txt(ABSOLUTE) referenced from lto-llvm-b00a77.o(.rodata.rom_func_addr_table_var)
 <LI><a href="#[8c]">hci_rd_local_supp_feats_cmd_handler_func</a> from da14531_symbols.txt(ABSOLUTE) referenced from lto-llvm-b00a77.o(.rodata.rom_func_addr_table_var)
 <LI><a href="#[72]">ke_task_init_func</a> from da14531_symbols.txt(ABSOLUTE) referenced from lto-llvm-b00a77.o(.rodata.rom_func_addr_table_var)
 <LI><a href="#[73]">ke_timer_init_func</a> from da14531_symbols.txt(ABSOLUTE) referenced from lto-llvm-b00a77.o(.rodata.rom_func_addr_table_var)
 <LI><a href="#[90]">l2c_process_sdu_func</a> from da14531_symbols.txt(ABSOLUTE) referenced from lto-llvm-b00a77.o(.rodata.rom_func_addr_table_var)
 <LI><a href="#[8f]">l2c_send_lecb_message_func</a> from da14531_symbols.txt(ABSOLUTE) referenced from lto-llvm-b00a77.o(.rodata.rom_func_addr_table_var)
 <LI><a href="#[8d]">l2cc_pdu_pack_func</a> from da14531_symbols.txt(ABSOLUTE) referenced from lto-llvm-b00a77.o(.rodata.rom_func_addr_table_var)
 <LI><a href="#[9c]">llc_le_length_conn_init_func</a> from da14531_symbols.txt(ABSOLUTE) referenced from lto-llvm-b00a77.o(.rodata.rom_func_addr_table_var)
 <LI><a href="#[9b]">llc_le_length_effective_func</a> from da14531_symbols.txt(ABSOLUTE) referenced from lto-llvm-b00a77.o(.rodata.rom_func_addr_table_var)
 <LI><a href="#[9f]">llc_pdu_send_func</a> from da14531_symbols.txt(ABSOLUTE) referenced from lto-llvm-b00a77.o(.rodata.rom_func_addr_table_var)
 <LI><a href="#[9e]">lld_data_tx_check_func</a> from da14531_symbols.txt(ABSOLUTE) referenced from lto-llvm-b00a77.o(.rodata.rom_func_addr_table_var)
 <LI><a href="#[9d]">lld_data_tx_prog_func</a> from da14531_symbols.txt(ABSOLUTE) referenced from lto-llvm-b00a77.o(.rodata.rom_func_addr_table_var)
 <LI><a href="#[7b]">lld_sleep_compensate_func</a> from lto-llvm-b00a77.o(.text.lld_sleep_compensate_func) referenced from lto-llvm-b00a77.o(.rodata.rom_func_addr_table_var)
 <LI><a href="#[7c]">lld_sleep_init_func</a> from lto-llvm-b00a77.o(.text.lld_sleep_init_func) referenced from lto-llvm-b00a77.o(.rodata.rom_func_addr_table_var)
 <LI><a href="#[7e]">lld_sleep_lpcycles_2_us_sel_func</a> from lto-llvm-b00a77.o(.text.lld_sleep_lpcycles_2_us_sel_func) referenced from lto-llvm-b00a77.o(.rodata.rom_func_addr_table_var)
 <LI><a href="#[7d]">lld_sleep_us_2_lpcycles_sel_func</a> from lto-llvm-b00a77.o(.text.lld_sleep_us_2_lpcycles_sel_func) referenced from lto-llvm-b00a77.o(.rodata.rom_func_addr_table_var)
 <LI><a href="#[80]">lld_test_mode_tx_func</a> from da14531_symbols.txt(ABSOLUTE) referenced from lto-llvm-b00a77.o(.rodata.rom_func_addr_table_var)
 <LI><a href="#[7f]">lld_test_stop_func</a> from da14531_symbols.txt(ABSOLUTE) referenced from lto-llvm-b00a77.o(.rodata.rom_func_addr_table_var)
 <LI><a href="#[19]">llm_con_req_ind</a> from da14531_symbols.txt(ABSOLUTE) referenced from lto-llvm-b00a77.o(.text.periph_init)
 <LI><a href="#[99]">llm_create_p256_key_func</a> from da14531_symbols.txt(ABSOLUTE) referenced from lto-llvm-b00a77.o(.rodata.rom_func_addr_table_var)
 <LI><a href="#[74]">llm_encryption_done_func</a> from da14531_symbols.txt(ABSOLUTE) referenced from lto-llvm-b00a77.o(.rodata.rom_func_addr_table_var)
 <LI><a href="#[96]">llm_le_adv_report_ind_func</a> from da14531_symbols.txt(ABSOLUTE) referenced from lto-llvm-b00a77.o(.rodata.rom_func_addr_table_var)
 <LI><a href="#[9a]">llm_p256_req_handler_func</a> from da14531_symbols.txt(ABSOLUTE) referenced from lto-llvm-b00a77.o(.rodata.rom_func_addr_table_var)
 <LI><a href="#[98]">llm_p256_start_func</a> from da14531_symbols.txt(ABSOLUTE) referenced from lto-llvm-b00a77.o(.rodata.rom_func_addr_table_var)
 <LI><a href="#[13]">main</a> from lto-llvm-b00a77.o(.text.main) referenced from entry9a.o(.ARM.Collect$$$$0000000B)
 <LI><a href="#[77]">nvds_del_func</a> from da14531_symbols.txt(ABSOLUTE) referenced from lto-llvm-b00a77.o(.rodata.rom_func_addr_table_var)
 <LI><a href="#[75]">nvds_get_func</a> from da14531_symbols.txt(ABSOLUTE) referenced from lto-llvm-b00a77.o(.rodata.rom_func_addr_table_var)
 <LI><a href="#[78]">nvds_init_func</a> from da14531_symbols.txt(ABSOLUTE) referenced from lto-llvm-b00a77.o(.rodata.rom_func_addr_table_var)
 <LI><a href="#[76]">nvds_put_func</a> from da14531_symbols.txt(ABSOLUTE) referenced from lto-llvm-b00a77.o(.rodata.rom_func_addr_table_var)
 <LI><a href="#[2d]">param_update_request_timer_cb</a> from lto-llvm-b00a77.o(.text.param_update_request_timer_cb) referenced from lto-llvm-b00a77.o(.text.user_app_connection)
 <LI><a href="#[7a]">platform_reset_func</a> from lto-llvm-b00a77.o(.text.platform_reset_func) referenced from lto-llvm-b00a77.o(.rodata.rom_func_addr_table_var)
 <LI><a href="#[85]">prf_add_profile_func</a> from da14531_symbols.txt(ABSOLUTE) referenced from lto-llvm-b00a77.o(.rodata.rom_func_addr_table_var)
 <LI><a href="#[87]">prf_cleanup_func</a> from da14531_symbols.txt(ABSOLUTE) referenced from lto-llvm-b00a77.o(.rodata.rom_func_addr_table_var)
 <LI><a href="#[86]">prf_create_func</a> from lto-llvm-b00a77.o(.text.prf_create_func) referenced from lto-llvm-b00a77.o(.rodata.rom_func_addr_table_var)
 <LI><a href="#[88]">prf_get_id_from_task_func</a> from da14531_symbols.txt(ABSOLUTE) referenced from lto-llvm-b00a77.o(.rodata.rom_func_addr_table_var)
 <LI><a href="#[89]">prf_get_task_from_id_func</a> from da14531_symbols.txt(ABSOLUTE) referenced from lto-llvm-b00a77.o(.rodata.rom_func_addr_table_var)
 <LI><a href="#[84]">prf_init_func</a> from lto-llvm-b00a77.o(.text.prf_init_func) referenced from lto-llvm-b00a77.o(.rodata.rom_func_addr_table_var)
 <LI><a href="#[2c]">rf_force_agc_enable</a> from lto-llvm-b00a77.o(.text.rf_force_agc_enable) referenced from lto-llvm-b00a77.o(.text.rf_init_func)
 <LI><a href="#[5a]">rf_init_func</a> from lto-llvm-b00a77.o(.text.rf_init_func) referenced from lto-llvm-b00a77.o(.rodata.rom_func_addr_table_var)
 <LI><a href="#[26]">rf_reg_rd</a> from lto-llvm-b00a77.o(.text.rf_reg_rd) referenced from lto-llvm-b00a77.o(.text.rf_init_func)
 <LI><a href="#[25]">rf_reg_wr</a> from lto-llvm-b00a77.o(.text.rf_reg_wr) referenced from lto-llvm-b00a77.o(.text.rf_init_func)
 <LI><a href="#[5b]">rf_reinit_func</a> from lto-llvm-b00a77.o(.text.rf_reinit_func) referenced from lto-llvm-b00a77.o(.rodata.rom_func_addr_table_var)
 <LI><a href="#[2a]">rf_reset</a> from lto-llvm-b00a77.o(.text.rf_reset) referenced from lto-llvm-b00a77.o(.text.rf_init_func)
 <LI><a href="#[2b]">rf_rssi_convert</a> from lto-llvm-b00a77.o(.text.rf_rssi_convert) referenced from lto-llvm-b00a77.o(.text.rf_init_func)
 <LI><a href="#[28]">rf_sleep</a> from lto-llvm-b00a77.o(.text.rf_sleep) referenced from lto-llvm-b00a77.o(.text.rf_init_func)
 <LI><a href="#[27]">rf_txpwr_dbm_get</a> from lto-llvm-b00a77.o(.text.rf_txpwr_dbm_get) referenced from lto-llvm-b00a77.o(.text.rf_init_func)
 <LI><a href="#[6]">rwble_isr</a> from lto-llvm-b00a77.o(.text.rwble_isr) referenced from lto-llvm-b00a77.o(RESET)
 <LI><a href="#[79]">rwip_eif_get_func</a> from da14531_symbols.txt(ABSOLUTE) referenced from lto-llvm-b00a77.o(.rodata.rom_func_addr_table_var)
 <LI><a href="#[82]">smpc_check_param_func</a> from da14531_symbols.txt(ABSOLUTE) referenced from lto-llvm-b00a77.o(.rodata.rom_func_addr_table_var)
 <LI><a href="#[a4]">smpc_dhkey_calc_ind_func</a> from da14531_symbols.txt(ABSOLUTE) referenced from lto-llvm-b00a77.o(.rodata.rom_func_addr_table_var)
 <LI><a href="#[83]">smpc_pdu_recv_func</a> from da14531_symbols.txt(ABSOLUTE) referenced from lto-llvm-b00a77.o(.rodata.rom_func_addr_table_var)
 <LI><a href="#[a3]">smpc_public_key_exchange_start_func</a> from da14531_symbols.txt(ABSOLUTE) referenced from lto-llvm-b00a77.o(.rodata.rom_func_addr_table_var)
 <LI><a href="#[1a]">smpc_recv_pair_rand_pdu</a> from da14531_symbols.txt(ABSOLUTE) referenced from lto-llvm-b00a77.o(.text.periph_init)
 <LI><a href="#[1b]">smpc_recv_public_key_exchange_pdu</a> from da14531_symbols.txt(ABSOLUTE) referenced from lto-llvm-b00a77.o(.text.periph_init)
 <LI><a href="#[a5]">smpm_ecdh_key_create_empty_func</a> from lto-llvm-b00a77.o(.text.smpm_ecdh_key_create_empty_func) referenced from lto-llvm-b00a77.o(.rodata.rom_func_addr_table_var)
 <LI><a href="#[16]">timer_canceled_handler</a> from lto-llvm-b00a77.o(.text.timer_canceled_handler) referenced from lto-llvm-b00a77.o(.text.app_timer_api_process_handler)
 <LI><a href="#[15]">timer_modified_handler</a> from lto-llvm-b00a77.o(.text.timer_modified_handler) referenced from lto-llvm-b00a77.o(.text.app_timer_api_process_handler)
 <LI><a href="#[56]">uart_finish_transfers_adapt</a> from lto-llvm-b00a77.o(.text.uart_finish_transfers_adapt) referenced from lto-llvm-b00a77.o(.rodata.rom_console_cfg)
 <LI><a href="#[5f]">uart_finish_transfers_func</a> from da14531_symbols.txt(ABSOLUTE) referenced from lto-llvm-b00a77.o(.rodata.rom_func_addr_table_var)
 <LI><a href="#[5e]">uart_flow_off_func</a> from da14531_symbols.txt(ABSOLUTE) referenced from lto-llvm-b00a77.o(.rodata.rom_func_addr_table_var)
 <LI><a href="#[5d]">uart_flow_on_func</a> from da14531_symbols.txt(ABSOLUTE) referenced from lto-llvm-b00a77.o(.rodata.rom_func_addr_table_var)
 <LI><a href="#[5c]">uart_init_func</a> from da14531_symbols.txt(ABSOLUTE) referenced from lto-llvm-b00a77.o(.rodata.rom_func_addr_table_var)
 <LI><a href="#[60]">uart_read_func</a> from da14531_symbols.txt(ABSOLUTE) referenced from lto-llvm-b00a77.o(.rodata.rom_func_addr_table_var)
 <LI><a href="#[55]">uart_write_adapt</a> from lto-llvm-b00a77.o(.text.uart_write_adapt) referenced from lto-llvm-b00a77.o(.rodata.rom_console_cfg)
 <LI><a href="#[61]">uart_write_func</a> from da14531_symbols.txt(ABSOLUTE) referenced from lto-llvm-b00a77.o(.rodata.rom_func_addr_table_var)
 <LI><a href="#[aa]">user_app_adv_undirect_complete</a> from lto-llvm-b00a77.o(.text.user_app_adv_undirect_complete) referenced from lto-llvm-b00a77.o(.rodata.user_app_callbacks)
 <LI><a href="#[a7]">user_app_connection</a> from lto-llvm-b00a77.o(.text.user_app_connection) referenced from lto-llvm-b00a77.o(.rodata.user_app_callbacks)
 <LI><a href="#[a8]">user_app_disconnect</a> from lto-llvm-b00a77.o(.text.user_app_disconnect) referenced from lto-llvm-b00a77.o(.rodata.user_app_callbacks)
 <LI><a href="#[54]">user_catch_rest_hndl</a> from lto-llvm-b00a77.o(.text.user_catch_rest_hndl) referenced from lto-llvm-b00a77.o(.rodata.rom_app_task_cfg)
</UL>
<P>
<H3>
Global Symbols
</H3>
<P><STRONG><a name="[79]"></a>rwip_eif_get_func</STRONG> (Thumb, 0 bytes, Stack size 0 bytes, da14531_symbols.txt(ABSOLUTE), UNUSED)
<BR>[Address Reference Count : 1]<UL><LI> lto-llvm-b00a77.o(.rodata.rom_func_addr_table_var)
</UL>
<P><STRONG><a name="[124]"></a>ble_init</STRONG> (Thumb, 0 bytes, Stack size 0 bytes, da14531_symbols.txt(ABSOLUTE))
<BR><BR>[Called By]<UL><LI><a href="#[13]">&gt;&gt;</a>&nbsp;&nbsp;&nbsp;main
</UL>

<P><STRONG><a name="[132]"></a>ble_regs_push</STRONG> (Thumb, 0 bytes, Stack size 0 bytes, da14531_symbols.txt(ABSOLUTE))
<BR><BR>[Called By]<UL><LI><a href="#[13]">&gt;&gt;</a>&nbsp;&nbsp;&nbsp;main
</UL>

<P><STRONG><a name="[eb]"></a>ble_regs_pop</STRONG> (Thumb, 0 bytes, Stack size 0 bytes, da14531_symbols.txt(ABSOLUTE))
<BR><BR>[Called By]<UL><LI><a href="#[5]">&gt;&gt;</a>&nbsp;&nbsp;&nbsp;BLE_WAKEUP_LP_Handler
</UL>

<P><STRONG><a name="[148]"></a>rf_reinit</STRONG> (Thumb, 0 bytes, Stack size 0 bytes, da14531_symbols.txt(ABSOLUTE))
<BR><BR>[Called By]<UL><LI><a href="#[6]">&gt;&gt;</a>&nbsp;&nbsp;&nbsp;rwble_isr
</UL>

<P><STRONG><a name="[bc]"></a>smpc_pdu_recv</STRONG> (Thumb, 0 bytes, Stack size 0 bytes, da14531_symbols.txt(ABSOLUTE))
<BR><BR>[Called By]<UL><LI><a href="#[91]">&gt;&gt;</a>&nbsp;&nbsp;&nbsp;JT_l2cc_pdu_recv_ind_handler_func
</UL>

<P><STRONG><a name="[7]"></a>UART_Handler</STRONG> (Thumb, 0 bytes, Stack size 0 bytes, da14531_symbols.txt(ABSOLUTE), UNUSED)
<BR>[Address Reference Count : 1]<UL><LI> lto-llvm-b00a77.o(RESET)
</UL>
<P><STRONG><a name="[ff]"></a>prf_get_task_from_id</STRONG> (Thumb, 0 bytes, Stack size 0 bytes, da14531_symbols.txt(ABSOLUTE))
<BR><BR>[Called By]<UL><LI><a href="#[17]">&gt;&gt;</a>&nbsp;&nbsp;&nbsp;capture_adxl345_data_cb_handler
<LI><a href="#[18]">&gt;&gt;</a>&nbsp;&nbsp;&nbsp;capture_mcp9808_data_cb_handler
</UL>

<P><STRONG><a name="[fd]"></a>dia_rand</STRONG> (Thumb, 0 bytes, Stack size 0 bytes, da14531_symbols.txt(ABSOLUTE))
<BR><BR>[Called By]<UL><LI><a href="#[a2]">&gt;&gt;</a>&nbsp;&nbsp;&nbsp;ba431_get_rand_func
<LI><a href="#[b1]">&gt;&gt;</a>&nbsp;&nbsp;&nbsp;default_app_generate_static_random_addr
</UL>

<P><STRONG><a name="[d9]"></a>co_buf_rx_free</STRONG> (Thumb, 0 bytes, Stack size 0 bytes, da14531_symbols.txt(ABSOLUTE))
<BR><BR>[Called By]<UL><LI><a href="#[4d]">&gt;&gt;</a>&nbsp;&nbsp;&nbsp;PATCHED_llc_data_ind_handler
</UL>

<P><STRONG><a name="[bd]"></a>co_buf_rx_buffer_get</STRONG> (Thumb, 0 bytes, Stack size 0 bytes, da14531_symbols.txt(ABSOLUTE))
<BR><BR>[Called By]<UL><LI><a href="#[1c]">&gt;&gt;</a>&nbsp;&nbsp;&nbsp;PATCHED_llm_con_req_ind
</UL>

<P><STRONG><a name="[c3]"></a>co_buf_tx_buffer_get</STRONG> (Thumb, 0 bytes, Stack size 0 bytes, da14531_symbols.txt(ABSOLUTE))
<BR><BR>[Called By]<UL><LI><a href="#[1c]">&gt;&gt;</a>&nbsp;&nbsp;&nbsp;PATCHED_llm_con_req_ind
</UL>

<P><STRONG><a name="[9b]"></a>llc_le_length_effective_func</STRONG> (Thumb, 0 bytes, Stack size 0 bytes, da14531_symbols.txt(ABSOLUTE), UNUSED)
<BR>[Address Reference Count : 1]<UL><LI> lto-llvm-b00a77.o(.rodata.rom_func_addr_table_var)
</UL>
<P><STRONG><a name="[9c]"></a>llc_le_length_conn_init_func</STRONG> (Thumb, 0 bytes, Stack size 0 bytes, da14531_symbols.txt(ABSOLUTE), UNUSED)
<BR>[Address Reference Count : 1]<UL><LI> lto-llvm-b00a77.o(.rodata.rom_func_addr_table_var)
</UL>
<P><STRONG><a name="[c4]"></a>llc_le_con_cmp_evt_send</STRONG> (Thumb, 0 bytes, Stack size 0 bytes, da14531_symbols.txt(ABSOLUTE))
<BR><BR>[Called By]<UL><LI><a href="#[1c]">&gt;&gt;</a>&nbsp;&nbsp;&nbsp;PATCHED_llm_con_req_ind
</UL>

<P><STRONG><a name="[cc]"></a>llc_start</STRONG> (Thumb, 0 bytes, Stack size 0 bytes, da14531_symbols.txt(ABSOLUTE))
<BR><BR>[Called By]<UL><LI><a href="#[1c]">&gt;&gt;</a>&nbsp;&nbsp;&nbsp;PATCHED_llm_con_req_ind
</UL>

<P><STRONG><a name="[db]"></a>llc_common_enc_key_ref_comp_evt_send</STRONG> (Thumb, 0 bytes, Stack size 0 bytes, da14531_symbols.txt(ABSOLUTE))
<BR><BR>[Called By]<UL><LI><a href="#[4d]">&gt;&gt;</a>&nbsp;&nbsp;&nbsp;PATCHED_llc_data_ind_handler
</UL>

<P><STRONG><a name="[dc]"></a>llc_common_enc_change_evt_send</STRONG> (Thumb, 0 bytes, Stack size 0 bytes, da14531_symbols.txt(ABSOLUTE))
<BR><BR>[Called By]<UL><LI><a href="#[4d]">&gt;&gt;</a>&nbsp;&nbsp;&nbsp;PATCHED_llc_data_ind_handler
</UL>

<P><STRONG><a name="[9f]"></a>llc_pdu_send_func</STRONG> (Thumb, 0 bytes, Stack size 0 bytes, da14531_symbols.txt(ABSOLUTE), UNUSED)
<BR>[Address Reference Count : 1]<UL><LI> lto-llvm-b00a77.o(.rodata.rom_func_addr_table_var)
</UL>
<P><STRONG><a name="[df]"></a>llc_lsto_timer_restart</STRONG> (Thumb, 0 bytes, Stack size 0 bytes, da14531_symbols.txt(ABSOLUTE))
<BR><BR>[Called By]<UL><LI><a href="#[4e]">&gt;&gt;</a>&nbsp;&nbsp;&nbsp;PATCHED_lld_data_ind_handler
</UL>

<P><STRONG><a name="[e0]"></a>lld_data_ind_handler</STRONG> (Thumb, 0 bytes, Stack size 0 bytes, da14531_symbols.txt(ABSOLUTE))
<BR><BR>[Called By]<UL><LI><a href="#[4e]">&gt;&gt;</a>&nbsp;&nbsp;&nbsp;PATCHED_lld_data_ind_handler
</UL>

<P><STRONG><a name="[be]"></a>llc_util_get_free_conhdl</STRONG> (Thumb, 0 bytes, Stack size 0 bytes, da14531_symbols.txt(ABSOLUTE))
<BR><BR>[Called By]<UL><LI><a href="#[1c]">&gt;&gt;</a>&nbsp;&nbsp;&nbsp;PATCHED_llm_con_req_ind
</UL>

<P><STRONG><a name="[dd]"></a>llc_util_dicon_procedure</STRONG> (Thumb, 0 bytes, Stack size 0 bytes, da14531_symbols.txt(ABSOLUTE))
<BR><BR>[Called By]<UL><LI><a href="#[4d]">&gt;&gt;</a>&nbsp;&nbsp;&nbsp;PATCHED_llc_data_ind_handler
</UL>

<P><STRONG><a name="[cd]"></a>llc_util_update_channel_map</STRONG> (Thumb, 0 bytes, Stack size 0 bytes, da14531_symbols.txt(ABSOLUTE))
<BR><BR>[Called By]<UL><LI><a href="#[1c]">&gt;&gt;</a>&nbsp;&nbsp;&nbsp;PATCHED_llm_con_req_ind
</UL>

<P><STRONG><a name="[da]"></a>lld_get_mode</STRONG> (Thumb, 0 bytes, Stack size 0 bytes, da14531_symbols.txt(ABSOLUTE))
<BR><BR>[Called By]<UL><LI><a href="#[4d]">&gt;&gt;</a>&nbsp;&nbsp;&nbsp;PATCHED_llc_data_ind_handler
</UL>

<P><STRONG><a name="[cb]"></a>lld_move_to_slave</STRONG> (Thumb, 0 bytes, Stack size 0 bytes, da14531_symbols.txt(ABSOLUTE))
<BR><BR>[Called By]<UL><LI><a href="#[1c]">&gt;&gt;</a>&nbsp;&nbsp;&nbsp;PATCHED_llm_con_req_ind
</UL>

<P><STRONG><a name="[146]"></a>lld_crypt_isr</STRONG> (Thumb, 0 bytes, Stack size 0 bytes, da14531_symbols.txt(ABSOLUTE))
<BR><BR>[Called By]<UL><LI><a href="#[6]">&gt;&gt;</a>&nbsp;&nbsp;&nbsp;rwble_isr
</UL>

<P><STRONG><a name="[80]"></a>lld_test_mode_tx_func</STRONG> (Thumb, 0 bytes, Stack size 0 bytes, da14531_symbols.txt(ABSOLUTE), UNUSED)
<BR>[Address Reference Count : 1]<UL><LI> lto-llvm-b00a77.o(.rodata.rom_func_addr_table_var)
</UL>
<P><STRONG><a name="[7f]"></a>lld_test_stop_func</STRONG> (Thumb, 0 bytes, Stack size 0 bytes, da14531_symbols.txt(ABSOLUTE), UNUSED)
<BR>[Address Reference Count : 1]<UL><LI> lto-llvm-b00a77.o(.rodata.rom_func_addr_table_var)
</UL>
<P><STRONG><a name="[9e]"></a>lld_data_tx_check_func</STRONG> (Thumb, 0 bytes, Stack size 0 bytes, da14531_symbols.txt(ABSOLUTE), UNUSED)
<BR>[Address Reference Count : 1]<UL><LI> lto-llvm-b00a77.o(.rodata.rom_func_addr_table_var)
</UL>
<P><STRONG><a name="[9d]"></a>lld_data_tx_prog_func</STRONG> (Thumb, 0 bytes, Stack size 0 bytes, da14531_symbols.txt(ABSOLUTE), UNUSED)
<BR>[Address Reference Count : 1]<UL><LI> lto-llvm-b00a77.o(.rodata.rom_func_addr_table_var)
</UL>
<P><STRONG><a name="[c5]"></a>lld_evt_elt_delete</STRONG> (Thumb, 0 bytes, Stack size 0 bytes, da14531_symbols.txt(ABSOLUTE))
<BR><BR>[Called By]<UL><LI><a href="#[1c]">&gt;&gt;</a>&nbsp;&nbsp;&nbsp;PATCHED_llm_con_req_ind
</UL>

<P><STRONG><a name="[b7]"></a>lld_evt_elt_insert</STRONG> (Thumb, 0 bytes, Stack size 0 bytes, da14531_symbols.txt(ABSOLUTE))
<BR><BR>[Called By]<UL><LI><a href="#[81]">&gt;&gt;</a>&nbsp;&nbsp;&nbsp;JT_lld_test_mode_rx_func
</UL>

<P><STRONG><a name="[b5]"></a>lld_evt_adv_create</STRONG> (Thumb, 0 bytes, Stack size 0 bytes, da14531_symbols.txt(ABSOLUTE))
<BR><BR>[Called By]<UL><LI><a href="#[81]">&gt;&gt;</a>&nbsp;&nbsp;&nbsp;JT_lld_test_mode_rx_func
</UL>

<P><STRONG><a name="[145]"></a>lld_evt_timer_isr</STRONG> (Thumb, 0 bytes, Stack size 0 bytes, da14531_symbols.txt(ABSOLUTE))
<BR><BR>[Called By]<UL><LI><a href="#[6]">&gt;&gt;</a>&nbsp;&nbsp;&nbsp;rwble_isr
</UL>

<P><STRONG><a name="[143]"></a>lld_evt_end_isr</STRONG> (Thumb, 0 bytes, Stack size 0 bytes, da14531_symbols.txt(ABSOLUTE))
<BR><BR>[Called By]<UL><LI><a href="#[6]">&gt;&gt;</a>&nbsp;&nbsp;&nbsp;rwble_isr
</UL>

<P><STRONG><a name="[141]"></a>lld_evt_rx_isr</STRONG> (Thumb, 0 bytes, Stack size 0 bytes, da14531_symbols.txt(ABSOLUTE))
<BR><BR>[Called By]<UL><LI><a href="#[6]">&gt;&gt;</a>&nbsp;&nbsp;&nbsp;rwble_isr
</UL>

<P><STRONG><a name="[131]"></a>lld_sleep_enter</STRONG> (Thumb, 0 bytes, Stack size 0 bytes, da14531_symbols.txt(ABSOLUTE))
<BR><BR>[Called By]<UL><LI><a href="#[13]">&gt;&gt;</a>&nbsp;&nbsp;&nbsp;main
</UL>

<P><STRONG><a name="[b6]"></a>lld_util_freq2chnl</STRONG> (Thumb, 0 bytes, Stack size 0 bytes, da14531_symbols.txt(ABSOLUTE))
<BR><BR>[Called By]<UL><LI><a href="#[81]">&gt;&gt;</a>&nbsp;&nbsp;&nbsp;JT_lld_test_mode_rx_func
</UL>

<P><STRONG><a name="[ce]"></a>llm_wl_from_rl_restore</STRONG> (Thumb, 0 bytes, Stack size 0 bytes, da14531_symbols.txt(ABSOLUTE))
<BR><BR>[Called By]<UL><LI><a href="#[1c]">&gt;&gt;</a>&nbsp;&nbsp;&nbsp;PATCHED_llm_con_req_ind
</UL>

<P><STRONG><a name="[19]"></a>llm_con_req_ind</STRONG> (Thumb, 0 bytes, Stack size 0 bytes, da14531_symbols.txt(ABSOLUTE), UNUSED)
<BR>[Address Reference Count : 1]<UL><LI> lto-llvm-b00a77.o(.text.periph_init)
</UL>
<P><STRONG><a name="[96]"></a>llm_le_adv_report_ind_func</STRONG> (Thumb, 0 bytes, Stack size 0 bytes, da14531_symbols.txt(ABSOLUTE), UNUSED)
<BR>[Address Reference Count : 1]<UL><LI> lto-llvm-b00a77.o(.rodata.rom_func_addr_table_var)
</UL>
<P><STRONG><a name="[74]"></a>llm_encryption_done_func</STRONG> (Thumb, 0 bytes, Stack size 0 bytes, da14531_symbols.txt(ABSOLUTE), UNUSED)
<BR>[Address Reference Count : 1]<UL><LI> lto-llvm-b00a77.o(.rodata.rom_func_addr_table_var)
</UL>
<P><STRONG><a name="[98]"></a>llm_p256_start_func</STRONG> (Thumb, 0 bytes, Stack size 0 bytes, da14531_symbols.txt(ABSOLUTE), UNUSED)
<BR>[Address Reference Count : 1]<UL><LI> lto-llvm-b00a77.o(.rodata.rom_func_addr_table_var)
</UL>
<P><STRONG><a name="[99]"></a>llm_create_p256_key_func</STRONG> (Thumb, 0 bytes, Stack size 0 bytes, da14531_symbols.txt(ABSOLUTE), UNUSED)
<BR>[Address Reference Count : 1]<UL><LI> lto-llvm-b00a77.o(.rodata.rom_func_addr_table_var)
</UL>
<P><STRONG><a name="[c7]"></a>llm_wlpub_addr_set</STRONG> (Thumb, 0 bytes, Stack size 0 bytes, da14531_symbols.txt(ABSOLUTE))
<BR><BR>[Called By]<UL><LI><a href="#[1c]">&gt;&gt;</a>&nbsp;&nbsp;&nbsp;PATCHED_llm_con_req_ind
</UL>

<P><STRONG><a name="[c8]"></a>llm_wlpriv_addr_set</STRONG> (Thumb, 0 bytes, Stack size 0 bytes, da14531_symbols.txt(ABSOLUTE))
<BR><BR>[Called By]<UL><LI><a href="#[1c]">&gt;&gt;</a>&nbsp;&nbsp;&nbsp;PATCHED_llm_con_req_ind
</UL>

<P><STRONG><a name="[9a]"></a>llm_p256_req_handler_func</STRONG> (Thumb, 0 bytes, Stack size 0 bytes, da14531_symbols.txt(ABSOLUTE), UNUSED)
<BR>[Address Reference Count : 1]<UL><LI> lto-llvm-b00a77.o(.rodata.rom_func_addr_table_var)
</UL>
<P><STRONG><a name="[8c]"></a>hci_rd_local_supp_feats_cmd_handler_func</STRONG> (Thumb, 0 bytes, Stack size 0 bytes, da14531_symbols.txt(ABSOLUTE), UNUSED)
<BR>[Address Reference Count : 1]<UL><LI> lto-llvm-b00a77.o(.rodata.rom_func_addr_table_var)
</UL>
<P><STRONG><a name="[c6]"></a>llm_util_bd_addr_in_wl</STRONG> (Thumb, 0 bytes, Stack size 0 bytes, da14531_symbols.txt(ABSOLUTE))
<BR><BR>[Called By]<UL><LI><a href="#[1c]">&gt;&gt;</a>&nbsp;&nbsp;&nbsp;PATCHED_llm_con_req_ind
</UL>

<P><STRONG><a name="[c9]"></a>llm_util_bl_check</STRONG> (Thumb, 0 bytes, Stack size 0 bytes, da14531_symbols.txt(ABSOLUTE))
<BR><BR>[Called By]<UL><LI><a href="#[1c]">&gt;&gt;</a>&nbsp;&nbsp;&nbsp;PATCHED_llm_con_req_ind
</UL>

<P><STRONG><a name="[ca]"></a>llm_util_bl_add</STRONG> (Thumb, 0 bytes, Stack size 0 bytes, da14531_symbols.txt(ABSOLUTE))
<BR><BR>[Called By]<UL><LI><a href="#[1c]">&gt;&gt;</a>&nbsp;&nbsp;&nbsp;PATCHED_llm_con_req_ind
</UL>

<P><STRONG><a name="[bf]"></a>llm_util_rl_check</STRONG> (Thumb, 0 bytes, Stack size 0 bytes, da14531_symbols.txt(ABSOLUTE))
<BR><BR>[Called By]<UL><LI><a href="#[1c]">&gt;&gt;</a>&nbsp;&nbsp;&nbsp;PATCHED_llm_con_req_ind
</UL>

<P><STRONG><a name="[c0]"></a>llm_util_rl_peer_find</STRONG> (Thumb, 0 bytes, Stack size 0 bytes, da14531_symbols.txt(ABSOLUTE))
<BR><BR>[Called By]<UL><LI><a href="#[1c]">&gt;&gt;</a>&nbsp;&nbsp;&nbsp;PATCHED_llm_con_req_ind
</UL>

<P><STRONG><a name="[c2]"></a>llm_util_rl_peer_resolv</STRONG> (Thumb, 0 bytes, Stack size 0 bytes, da14531_symbols.txt(ABSOLUTE))
<BR><BR>[Called By]<UL><LI><a href="#[1c]">&gt;&gt;</a>&nbsp;&nbsp;&nbsp;PATCHED_llm_con_req_ind
</UL>

<P><STRONG><a name="[97]"></a>PK_PointMult_func</STRONG> (Thumb, 0 bytes, Stack size 0 bytes, da14531_symbols.txt(ABSOLUTE), UNUSED)
<BR>[Address Reference Count : 1]<UL><LI> lto-llvm-b00a77.o(.rodata.rom_func_addr_table_var)
</UL>
<P><STRONG><a name="[140]"></a>ea_finetimer_isr</STRONG> (Thumb, 0 bytes, Stack size 0 bytes, da14531_symbols.txt(ABSOLUTE))
<BR><BR>[Called By]<UL><LI><a href="#[6]">&gt;&gt;</a>&nbsp;&nbsp;&nbsp;rwble_isr
</UL>

<P><STRONG><a name="[144]"></a>ea_sw_isr</STRONG> (Thumb, 0 bytes, Stack size 0 bytes, da14531_symbols.txt(ABSOLUTE))
<BR><BR>[Called By]<UL><LI><a href="#[6]">&gt;&gt;</a>&nbsp;&nbsp;&nbsp;rwble_isr
</UL>

<P><STRONG><a name="[12b]"></a>ea_sleep_check</STRONG> (Thumb, 0 bytes, Stack size 0 bytes, da14531_symbols.txt(ABSOLUTE))
<BR><BR>[Called By]<UL><LI><a href="#[13]">&gt;&gt;</a>&nbsp;&nbsp;&nbsp;main
</UL>

<P><STRONG><a name="[5c]"></a>uart_init_func</STRONG> (Thumb, 0 bytes, Stack size 0 bytes, da14531_symbols.txt(ABSOLUTE), UNUSED)
<BR>[Address Reference Count : 1]<UL><LI> lto-llvm-b00a77.o(.rodata.rom_func_addr_table_var)
</UL>
<P><STRONG><a name="[5d]"></a>uart_flow_on_func</STRONG> (Thumb, 0 bytes, Stack size 0 bytes, da14531_symbols.txt(ABSOLUTE), UNUSED)
<BR>[Address Reference Count : 1]<UL><LI> lto-llvm-b00a77.o(.rodata.rom_func_addr_table_var)
</UL>
<P><STRONG><a name="[5e]"></a>uart_flow_off_func</STRONG> (Thumb, 0 bytes, Stack size 0 bytes, da14531_symbols.txt(ABSOLUTE), UNUSED)
<BR>[Address Reference Count : 1]<UL><LI> lto-llvm-b00a77.o(.rodata.rom_func_addr_table_var)
</UL>
<P><STRONG><a name="[5f]"></a>uart_finish_transfers_func</STRONG> (Thumb, 0 bytes, Stack size 0 bytes, da14531_symbols.txt(ABSOLUTE), UNUSED)
<BR>[Address Reference Count : 1]<UL><LI> lto-llvm-b00a77.o(.rodata.rom_func_addr_table_var)
</UL>
<P><STRONG><a name="[60]"></a>uart_read_func</STRONG> (Thumb, 0 bytes, Stack size 0 bytes, da14531_symbols.txt(ABSOLUTE), UNUSED)
<BR>[Address Reference Count : 1]<UL><LI> lto-llvm-b00a77.o(.rodata.rom_func_addr_table_var)
</UL>
<P><STRONG><a name="[61]"></a>uart_write_func</STRONG> (Thumb, 0 bytes, Stack size 0 bytes, da14531_symbols.txt(ABSOLUTE), UNUSED)
<BR>[Address Reference Count : 1]<UL><LI> lto-llvm-b00a77.o(.rodata.rom_func_addr_table_var)
</UL>
<P><STRONG><a name="[62]"></a>UART_Handler_func</STRONG> (Thumb, 0 bytes, Stack size 0 bytes, da14531_symbols.txt(ABSOLUTE), UNUSED)
<BR>[Address Reference Count : 1]<UL><LI> lto-llvm-b00a77.o(.rodata.rom_func_addr_table_var)
</UL>
<P><STRONG><a name="[63]"></a>gtl_init_func</STRONG> (Thumb, 0 bytes, Stack size 0 bytes, da14531_symbols.txt(ABSOLUTE), UNUSED)
<BR>[Address Reference Count : 1]<UL><LI> lto-llvm-b00a77.o(.rodata.rom_func_addr_table_var)
</UL>
<P><STRONG><a name="[65]"></a>gtl_eif_read_start_func</STRONG> (Thumb, 0 bytes, Stack size 0 bytes, da14531_symbols.txt(ABSOLUTE), UNUSED)
<BR>[Address Reference Count : 1]<UL><LI> lto-llvm-b00a77.o(.rodata.rom_func_addr_table_var)
</UL>
<P><STRONG><a name="[66]"></a>gtl_eif_read_hdr_func</STRONG> (Thumb, 0 bytes, Stack size 0 bytes, da14531_symbols.txt(ABSOLUTE), UNUSED)
<BR>[Address Reference Count : 1]<UL><LI> lto-llvm-b00a77.o(.rodata.rom_func_addr_table_var)
</UL>
<P><STRONG><a name="[67]"></a>gtl_eif_read_payl_func</STRONG> (Thumb, 0 bytes, Stack size 0 bytes, da14531_symbols.txt(ABSOLUTE), UNUSED)
<BR>[Address Reference Count : 1]<UL><LI> lto-llvm-b00a77.o(.rodata.rom_func_addr_table_var)
</UL>
<P><STRONG><a name="[68]"></a>gtl_eif_tx_done_func</STRONG> (Thumb, 0 bytes, Stack size 0 bytes, da14531_symbols.txt(ABSOLUTE), UNUSED)
<BR>[Address Reference Count : 1]<UL><LI> lto-llvm-b00a77.o(.rodata.rom_func_addr_table_var)
</UL>
<P><STRONG><a name="[69]"></a>gtl_eif_rx_done_func</STRONG> (Thumb, 0 bytes, Stack size 0 bytes, da14531_symbols.txt(ABSOLUTE), UNUSED)
<BR>[Address Reference Count : 1]<UL><LI> lto-llvm-b00a77.o(.rodata.rom_func_addr_table_var)
</UL>
<P><STRONG><a name="[64]"></a>gtl_eif_init_func</STRONG> (Thumb, 0 bytes, Stack size 0 bytes, da14531_symbols.txt(ABSOLUTE), UNUSED)
<BR>[Address Reference Count : 1]<UL><LI> lto-llvm-b00a77.o(.rodata.rom_func_addr_table_var)
</UL>
<P><STRONG><a name="[de]"></a>hci_send_2_host</STRONG> (Thumb, 0 bytes, Stack size 0 bytes, da14531_symbols.txt(ABSOLUTE))
<BR><BR>[Called By]<UL><LI><a href="#[4d]">&gt;&gt;</a>&nbsp;&nbsp;&nbsp;PATCHED_llc_data_ind_handler
</UL>

<P><STRONG><a name="[6b]"></a>h4tl_read_start_func</STRONG> (Thumb, 0 bytes, Stack size 0 bytes, da14531_symbols.txt(ABSOLUTE), UNUSED)
<BR>[Address Reference Count : 1]<UL><LI> lto-llvm-b00a77.o(.rodata.rom_func_addr_table_var)
</UL>
<P><STRONG><a name="[6c]"></a>h4tl_read_hdr_func</STRONG> (Thumb, 0 bytes, Stack size 0 bytes, da14531_symbols.txt(ABSOLUTE), UNUSED)
<BR>[Address Reference Count : 1]<UL><LI> lto-llvm-b00a77.o(.rodata.rom_func_addr_table_var)
</UL>
<P><STRONG><a name="[6d]"></a>h4tl_read_payl_func</STRONG> (Thumb, 0 bytes, Stack size 0 bytes, da14531_symbols.txt(ABSOLUTE), UNUSED)
<BR>[Address Reference Count : 1]<UL><LI> lto-llvm-b00a77.o(.rodata.rom_func_addr_table_var)
</UL>
<P><STRONG><a name="[6e]"></a>h4tl_read_next_out_of_sync_func</STRONG> (Thumb, 0 bytes, Stack size 0 bytes, da14531_symbols.txt(ABSOLUTE), UNUSED)
<BR>[Address Reference Count : 1]<UL><LI> lto-llvm-b00a77.o(.rodata.rom_func_addr_table_var)
</UL>
<P><STRONG><a name="[6f]"></a>h4tl_out_of_sync_func</STRONG> (Thumb, 0 bytes, Stack size 0 bytes, da14531_symbols.txt(ABSOLUTE), UNUSED)
<BR>[Address Reference Count : 1]<UL><LI> lto-llvm-b00a77.o(.rodata.rom_func_addr_table_var)
</UL>
<P><STRONG><a name="[70]"></a>h4tl_tx_done_func</STRONG> (Thumb, 0 bytes, Stack size 0 bytes, da14531_symbols.txt(ABSOLUTE), UNUSED)
<BR>[Address Reference Count : 1]<UL><LI> lto-llvm-b00a77.o(.rodata.rom_func_addr_table_var)
</UL>
<P><STRONG><a name="[71]"></a>h4tl_rx_done_func</STRONG> (Thumb, 0 bytes, Stack size 0 bytes, da14531_symbols.txt(ABSOLUTE), UNUSED)
<BR>[Address Reference Count : 1]<UL><LI> lto-llvm-b00a77.o(.rodata.rom_func_addr_table_var)
</UL>
<P><STRONG><a name="[6a]"></a>h4tl_init_func</STRONG> (Thumb, 0 bytes, Stack size 0 bytes, da14531_symbols.txt(ABSOLUTE), UNUSED)
<BR>[Address Reference Count : 1]<UL><LI> lto-llvm-b00a77.o(.rodata.rom_func_addr_table_var)
</UL>
<P><STRONG><a name="[94]"></a>attc_l2cc_pdu_recv_handler_func</STRONG> (Thumb, 0 bytes, Stack size 0 bytes, da14531_symbols.txt(ABSOLUTE), UNUSED)
<BR>[Address Reference Count : 1]<UL><LI> lto-llvm-b00a77.o(.rodata.rom_func_addr_table_var)
</UL>
<P><STRONG><a name="[114]"></a>attmdb_get_attribute</STRONG> (Thumb, 0 bytes, Stack size 0 bytes, da14531_symbols.txt(ABSOLUTE))
<BR><BR>[Called By]<UL><LI><a href="#[45]">&gt;&gt;</a>&nbsp;&nbsp;&nbsp;gattc_write_req_ind_handler
</UL>

<P><STRONG><a name="[115]"></a>attmdb_att_set_value</STRONG> (Thumb, 0 bytes, Stack size 0 bytes, da14531_symbols.txt(ABSOLUTE))
<BR><BR>[Called By]<UL><LI><a href="#[45]">&gt;&gt;</a>&nbsp;&nbsp;&nbsp;gattc_write_req_ind_handler
</UL>

<P><STRONG><a name="[111]"></a>attmdb_att_get_permission</STRONG> (Thumb, 0 bytes, Stack size 0 bytes, da14531_symbols.txt(ABSOLUTE))
<BR><BR>[Called By]<UL><LI><a href="#[45]">&gt;&gt;</a>&nbsp;&nbsp;&nbsp;gattc_write_req_ind_handler
</UL>

<P><STRONG><a name="[93]"></a>atts_l2cc_pdu_recv_handler_func</STRONG> (Thumb, 0 bytes, Stack size 0 bytes, da14531_symbols.txt(ABSOLUTE), UNUSED)
<BR>[Address Reference Count : 1]<UL><LI> lto-llvm-b00a77.o(.rodata.rom_func_addr_table_var)
</UL>
<P><STRONG><a name="[d3]"></a>smpc_generate_e1</STRONG> (Thumb, 0 bytes, Stack size 0 bytes, da14531_symbols.txt(ABSOLUTE))
<BR><BR>[Called By]<UL><LI><a href="#[1d]">&gt;&gt;</a>&nbsp;&nbsp;&nbsp;PATCHED_smpc_recv_pair_rand_pdu
</UL>

<P><STRONG><a name="[d5]"></a>smpc_pairing_end</STRONG> (Thumb, 0 bytes, Stack size 0 bytes, da14531_symbols.txt(ABSOLUTE))
<BR><BR>[Called By]<UL><LI><a href="#[1d]">&gt;&gt;</a>&nbsp;&nbsp;&nbsp;PATCHED_smpc_recv_pair_rand_pdu
<LI><a href="#[1e]">&gt;&gt;</a>&nbsp;&nbsp;&nbsp;PATCHED_smpc_recv_public_key_exchange_pdu
</UL>

<P><STRONG><a name="[d4]"></a>smpc_pdu_send</STRONG> (Thumb, 0 bytes, Stack size 0 bytes, da14531_symbols.txt(ABSOLUTE))
<BR><BR>[Called By]<UL><LI><a href="#[1d]">&gt;&gt;</a>&nbsp;&nbsp;&nbsp;PATCHED_smpc_recv_pair_rand_pdu
<LI><a href="#[1e]">&gt;&gt;</a>&nbsp;&nbsp;&nbsp;PATCHED_smpc_recv_public_key_exchange_pdu
</UL>

<P><STRONG><a name="[83]"></a>smpc_pdu_recv_func</STRONG> (Thumb, 0 bytes, Stack size 0 bytes, da14531_symbols.txt(ABSOLUTE), UNUSED)
<BR>[Address Reference Count : 1]<UL><LI> lto-llvm-b00a77.o(.rodata.rom_func_addr_table_var)
</UL>
<P><STRONG><a name="[d1]"></a>smpc_generate_f4</STRONG> (Thumb, 0 bytes, Stack size 0 bytes, da14531_symbols.txt(ABSOLUTE))
<BR><BR>[Called By]<UL><LI><a href="#[1d]">&gt;&gt;</a>&nbsp;&nbsp;&nbsp;PATCHED_smpc_recv_pair_rand_pdu
</UL>

<P><STRONG><a name="[d6]"></a>smpc_generate_g2</STRONG> (Thumb, 0 bytes, Stack size 0 bytes, da14531_symbols.txt(ABSOLUTE))
<BR><BR>[Called By]<UL><LI><a href="#[1d]">&gt;&gt;</a>&nbsp;&nbsp;&nbsp;PATCHED_smpc_recv_pair_rand_pdu
</UL>

<P><STRONG><a name="[d7]"></a>smpc_generate_f5</STRONG> (Thumb, 0 bytes, Stack size 0 bytes, da14531_symbols.txt(ABSOLUTE))
<BR><BR>[Called By]<UL><LI><a href="#[1d]">&gt;&gt;</a>&nbsp;&nbsp;&nbsp;PATCHED_smpc_recv_pair_rand_pdu
</UL>

<P><STRONG><a name="[d2]"></a>gapc_get_role</STRONG> (Thumb, 0 bytes, Stack size 0 bytes, da14531_symbols.txt(ABSOLUTE))
<BR><BR>[Called By]<UL><LI><a href="#[1d]">&gt;&gt;</a>&nbsp;&nbsp;&nbsp;PATCHED_smpc_recv_pair_rand_pdu
<LI><a href="#[1e]">&gt;&gt;</a>&nbsp;&nbsp;&nbsp;PATCHED_smpc_recv_public_key_exchange_pdu
</UL>

<P><STRONG><a name="[b8]"></a>gapc_lecnx_check_rx</STRONG> (Thumb, 0 bytes, Stack size 0 bytes, da14531_symbols.txt(ABSOLUTE))
<BR><BR>[Called By]<UL><LI><a href="#[8e]">&gt;&gt;</a>&nbsp;&nbsp;&nbsp;JT_l2cc_pdu_unpack_func
</UL>

<P><STRONG><a name="[bb]"></a>l2cc_pdu_recv_ind_handler_func</STRONG> (Thumb, 0 bytes, Stack size 0 bytes, da14531_symbols.txt(ABSOLUTE))
<BR><BR>[Called By]<UL><LI><a href="#[91]">&gt;&gt;</a>&nbsp;&nbsp;&nbsp;JT_l2cc_pdu_recv_ind_handler_func
</UL>

<P><STRONG><a name="[92]"></a>gapc_lecb_connect_cfm_handler_func</STRONG> (Thumb, 0 bytes, Stack size 0 bytes, da14531_symbols.txt(ABSOLUTE), UNUSED)
<BR>[Address Reference Count : 1]<UL><LI> lto-llvm-b00a77.o(.rodata.rom_func_addr_table_var)
</UL>
<P><STRONG><a name="[8d]"></a>l2cc_pdu_pack_func</STRONG> (Thumb, 0 bytes, Stack size 0 bytes, da14531_symbols.txt(ABSOLUTE), UNUSED)
<BR>[Address Reference Count : 1]<UL><LI> lto-llvm-b00a77.o(.rodata.rom_func_addr_table_var)
</UL>
<P><STRONG><a name="[90]"></a>l2c_process_sdu_func</STRONG> (Thumb, 0 bytes, Stack size 0 bytes, da14531_symbols.txt(ABSOLUTE), UNUSED)
<BR>[Address Reference Count : 1]<UL><LI> lto-llvm-b00a77.o(.rodata.rom_func_addr_table_var)
</UL>
<P><STRONG><a name="[8f]"></a>l2c_send_lecb_message_func</STRONG> (Thumb, 0 bytes, Stack size 0 bytes, da14531_symbols.txt(ABSOLUTE), UNUSED)
<BR>[Address Reference Count : 1]<UL><LI> lto-llvm-b00a77.o(.rodata.rom_func_addr_table_var)
</UL>
<P><STRONG><a name="[82]"></a>smpc_check_param_func</STRONG> (Thumb, 0 bytes, Stack size 0 bytes, da14531_symbols.txt(ABSOLUTE), UNUSED)
<BR>[Address Reference Count : 1]<UL><LI> lto-llvm-b00a77.o(.rodata.rom_func_addr_table_var)
</UL>
<P><STRONG><a name="[1a]"></a>smpc_recv_pair_rand_pdu</STRONG> (Thumb, 0 bytes, Stack size 0 bytes, da14531_symbols.txt(ABSOLUTE), UNUSED)
<BR>[Address Reference Count : 1]<UL><LI> lto-llvm-b00a77.o(.text.periph_init)
</UL>
<P><STRONG><a name="[1b]"></a>smpc_recv_public_key_exchange_pdu</STRONG> (Thumb, 0 bytes, Stack size 0 bytes, da14531_symbols.txt(ABSOLUTE), UNUSED)
<BR>[Address Reference Count : 1]<UL><LI> lto-llvm-b00a77.o(.text.periph_init)
</UL>
<P><STRONG><a name="[a3]"></a>smpc_public_key_exchange_start_func</STRONG> (Thumb, 0 bytes, Stack size 0 bytes, da14531_symbols.txt(ABSOLUTE), UNUSED)
<BR>[Address Reference Count : 1]<UL><LI> lto-llvm-b00a77.o(.rodata.rom_func_addr_table_var)
</UL>
<P><STRONG><a name="[d8]"></a>smpc_dhkey_calc_start</STRONG> (Thumb, 0 bytes, Stack size 0 bytes, da14531_symbols.txt(ABSOLUTE))
<BR><BR>[Called By]<UL><LI><a href="#[1e]">&gt;&gt;</a>&nbsp;&nbsp;&nbsp;PATCHED_smpc_recv_public_key_exchange_pdu
</UL>

<P><STRONG><a name="[a4]"></a>smpc_dhkey_calc_ind_func</STRONG> (Thumb, 0 bytes, Stack size 0 bytes, da14531_symbols.txt(ABSOLUTE), UNUSED)
<BR>[Address Reference Count : 1]<UL><LI> lto-llvm-b00a77.o(.rodata.rom_func_addr_table_var)
</UL>
<P><STRONG><a name="[12f]"></a>ke_sleep_check</STRONG> (Thumb, 0 bytes, Stack size 0 bytes, da14531_symbols.txt(ABSOLUTE))
<BR><BR>[Called By]<UL><LI><a href="#[13]">&gt;&gt;</a>&nbsp;&nbsp;&nbsp;main
</UL>

<P><STRONG><a name="[f3]"></a>ke_msg_alloc</STRONG> (Thumb, 0 bytes, Stack size 0 bytes, da14531_symbols.txt(ABSOLUTE))
<BR><BR>[Called By]<UL><LI><a href="#[17]">&gt;&gt;</a>&nbsp;&nbsp;&nbsp;capture_adxl345_data_cb_handler
<LI><a href="#[18]">&gt;&gt;</a>&nbsp;&nbsp;&nbsp;capture_mcp9808_data_cb_handler
<LI><a href="#[2d]">&gt;&gt;</a>&nbsp;&nbsp;&nbsp;param_update_request_timer_cb
<LI><a href="#[43]">&gt;&gt;</a>&nbsp;&nbsp;&nbsp;app_custs1_create_db
<LI><a href="#[fb]">&gt;&gt;</a>&nbsp;&nbsp;&nbsp;app_easy_timer_cancel
<LI><a href="#[fa]">&gt;&gt;</a>&nbsp;&nbsp;&nbsp;create_timer
<LI><a href="#[40]">&gt;&gt;</a>&nbsp;&nbsp;&nbsp;app_timer_api_process_handler
<LI><a href="#[31]">&gt;&gt;</a>&nbsp;&nbsp;&nbsp;diss_value_req_ind_handler
<LI><a href="#[4f]">&gt;&gt;</a>&nbsp;&nbsp;&nbsp;app_diss_create_db
<LI><a href="#[37]">&gt;&gt;</a>&nbsp;&nbsp;&nbsp;gapc_get_dev_info_req_ind_handler_wrapper
<LI><a href="#[54]">&gt;&gt;</a>&nbsp;&nbsp;&nbsp;user_catch_rest_hndl
<LI><a href="#[32]">&gt;&gt;</a>&nbsp;&nbsp;&nbsp;gapm_device_ready_ind_handler_wrapper
<LI><a href="#[52]">&gt;&gt;</a>&nbsp;&nbsp;&nbsp;app_easy_gap_dev_configure
<LI><a href="#[f8]">&gt;&gt;</a>&nbsp;&nbsp;&nbsp;app_easy_gap_undirected_advertise_start_create_msg
<LI><a href="#[4c]">&gt;&gt;</a>&nbsp;&nbsp;&nbsp;custs1_value_req_rsp_handler
<LI><a href="#[45]">&gt;&gt;</a>&nbsp;&nbsp;&nbsp;gattc_write_req_ind_handler
</UL>

<P><STRONG><a name="[f5]"></a>ke_msg_send</STRONG> (Thumb, 0 bytes, Stack size 0 bytes, da14531_symbols.txt(ABSOLUTE))
<BR><BR>[Called By]<UL><LI><a href="#[17]">&gt;&gt;</a>&nbsp;&nbsp;&nbsp;capture_adxl345_data_cb_handler
<LI><a href="#[18]">&gt;&gt;</a>&nbsp;&nbsp;&nbsp;capture_mcp9808_data_cb_handler
<LI><a href="#[2d]">&gt;&gt;</a>&nbsp;&nbsp;&nbsp;param_update_request_timer_cb
<LI><a href="#[43]">&gt;&gt;</a>&nbsp;&nbsp;&nbsp;app_custs1_create_db
<LI><a href="#[fb]">&gt;&gt;</a>&nbsp;&nbsp;&nbsp;app_easy_timer_cancel
<LI><a href="#[fa]">&gt;&gt;</a>&nbsp;&nbsp;&nbsp;create_timer
<LI><a href="#[40]">&gt;&gt;</a>&nbsp;&nbsp;&nbsp;app_timer_api_process_handler
<LI><a href="#[31]">&gt;&gt;</a>&nbsp;&nbsp;&nbsp;diss_value_req_ind_handler
<LI><a href="#[4f]">&gt;&gt;</a>&nbsp;&nbsp;&nbsp;app_diss_create_db
<LI><a href="#[37]">&gt;&gt;</a>&nbsp;&nbsp;&nbsp;gapc_get_dev_info_req_ind_handler_wrapper
<LI><a href="#[54]">&gt;&gt;</a>&nbsp;&nbsp;&nbsp;user_catch_rest_hndl
<LI><a href="#[32]">&gt;&gt;</a>&nbsp;&nbsp;&nbsp;gapm_device_ready_ind_handler_wrapper
<LI><a href="#[52]">&gt;&gt;</a>&nbsp;&nbsp;&nbsp;app_easy_gap_dev_configure
<LI><a href="#[101]">&gt;&gt;</a>&nbsp;&nbsp;&nbsp;user_app_adv_start
<LI><a href="#[4c]">&gt;&gt;</a>&nbsp;&nbsp;&nbsp;custs1_value_req_rsp_handler
<LI><a href="#[45]">&gt;&gt;</a>&nbsp;&nbsp;&nbsp;gattc_write_req_ind_handler
</UL>

<P><STRONG><a name="[72]"></a>ke_task_init_func</STRONG> (Thumb, 0 bytes, Stack size 0 bytes, da14531_symbols.txt(ABSOLUTE), UNUSED)
<BR>[Address Reference Count : 1]<UL><LI> lto-llvm-b00a77.o(.rodata.rom_func_addr_table_var)
</UL>
<P><STRONG><a name="[127]"></a>ke_task_create</STRONG> (Thumb, 0 bytes, Stack size 0 bytes, da14531_symbols.txt(ABSOLUTE))
<BR><BR>[Called By]<UL><LI><a href="#[13]">&gt;&gt;</a>&nbsp;&nbsp;&nbsp;main
<LI><a href="#[84]">&gt;&gt;</a>&nbsp;&nbsp;&nbsp;prf_init_func
</UL>

<P><STRONG><a name="[d0]"></a>ke_state_set</STRONG> (Thumb, 0 bytes, Stack size 0 bytes, da14531_symbols.txt(ABSOLUTE))
<BR><BR>[Called By]<UL><LI><a href="#[1c]">&gt;&gt;</a>&nbsp;&nbsp;&nbsp;PATCHED_llm_con_req_ind
<LI><a href="#[13]">&gt;&gt;</a>&nbsp;&nbsp;&nbsp;main
<LI><a href="#[35]">&gt;&gt;</a>&nbsp;&nbsp;&nbsp;gapc_connection_req_ind_handler_wrapper
<LI><a href="#[101]">&gt;&gt;</a>&nbsp;&nbsp;&nbsp;user_app_adv_start
<LI><a href="#[4c]">&gt;&gt;</a>&nbsp;&nbsp;&nbsp;custs1_value_req_rsp_handler
</UL>

<P><STRONG><a name="[ba]"></a>ke_state_get</STRONG> (Thumb, 0 bytes, Stack size 0 bytes, da14531_symbols.txt(ABSOLUTE))
<BR><BR>[Called By]<UL><LI><a href="#[4d]">&gt;&gt;</a>&nbsp;&nbsp;&nbsp;PATCHED_llc_data_ind_handler
<LI><a href="#[91]">&gt;&gt;</a>&nbsp;&nbsp;&nbsp;JT_l2cc_pdu_recv_ind_handler_func
<LI><a href="#[17]">&gt;&gt;</a>&nbsp;&nbsp;&nbsp;capture_adxl345_data_cb_handler
<LI><a href="#[18]">&gt;&gt;</a>&nbsp;&nbsp;&nbsp;capture_mcp9808_data_cb_handler
<LI><a href="#[36]">&gt;&gt;</a>&nbsp;&nbsp;&nbsp;gapc_disconnect_ind_handler_wrapper
<LI><a href="#[35]">&gt;&gt;</a>&nbsp;&nbsp;&nbsp;gapc_connection_req_ind_handler_wrapper
<LI><a href="#[32]">&gt;&gt;</a>&nbsp;&nbsp;&nbsp;gapm_device_ready_ind_handler_wrapper
<LI><a href="#[4c]">&gt;&gt;</a>&nbsp;&nbsp;&nbsp;custs1_value_req_rsp_handler
</UL>

<P><STRONG><a name="[136]"></a>ke_task_msg_flush</STRONG> (Thumb, 0 bytes, Stack size 0 bytes, da14531_symbols.txt(ABSOLUTE))
<BR><BR>[Called By]<UL><LI><a href="#[84]">&gt;&gt;</a>&nbsp;&nbsp;&nbsp;prf_init_func
</UL>

<P><STRONG><a name="[73]"></a>ke_timer_init_func</STRONG> (Thumb, 0 bytes, Stack size 0 bytes, da14531_symbols.txt(ABSOLUTE), UNUSED)
<BR>[Address Reference Count : 1]<UL><LI> lto-llvm-b00a77.o(.rodata.rom_func_addr_table_var)
</UL>
<P><STRONG><a name="[fc]"></a>ke_timer_set</STRONG> (Thumb, 0 bytes, Stack size 0 bytes, da14531_symbols.txt(ABSOLUTE))
<BR><BR>[Called By]<UL><LI><a href="#[fa]">&gt;&gt;</a>&nbsp;&nbsp;&nbsp;create_timer
<LI><a href="#[40]">&gt;&gt;</a>&nbsp;&nbsp;&nbsp;app_timer_api_process_handler
</UL>

<P><STRONG><a name="[cf]"></a>ke_timer_clear</STRONG> (Thumb, 0 bytes, Stack size 0 bytes, da14531_symbols.txt(ABSOLUTE))
<BR><BR>[Called By]<UL><LI><a href="#[1c]">&gt;&gt;</a>&nbsp;&nbsp;&nbsp;PATCHED_llm_con_req_ind
<LI><a href="#[fb]">&gt;&gt;</a>&nbsp;&nbsp;&nbsp;app_easy_timer_cancel
</UL>

<P><STRONG><a name="[130]"></a>ke_timer_sleep_check</STRONG> (Thumb, 0 bytes, Stack size 0 bytes, da14531_symbols.txt(ABSOLUTE))
<BR><BR>[Called By]<UL><LI><a href="#[13]">&gt;&gt;</a>&nbsp;&nbsp;&nbsp;main
</UL>

<P><STRONG><a name="[12a]"></a>rwip_schedule</STRONG> (Thumb, 0 bytes, Stack size 0 bytes, da14531_symbols.txt(ABSOLUTE))
<BR><BR>[Called By]<UL><LI><a href="#[13]">&gt;&gt;</a>&nbsp;&nbsp;&nbsp;main
</UL>

<P><STRONG><a name="[147]"></a>rwip_wakeup</STRONG> (Thumb, 0 bytes, Stack size 0 bytes, da14531_symbols.txt(ABSOLUTE))
<BR><BR>[Called By]<UL><LI><a href="#[6]">&gt;&gt;</a>&nbsp;&nbsp;&nbsp;rwble_isr
</UL>

<P><STRONG><a name="[149]"></a>rwip_wakeup_end</STRONG> (Thumb, 0 bytes, Stack size 0 bytes, da14531_symbols.txt(ABSOLUTE))
<BR><BR>[Called By]<UL><LI><a href="#[6]">&gt;&gt;</a>&nbsp;&nbsp;&nbsp;rwble_isr
</UL>

<P><STRONG><a name="[14a]"></a>rwip_wakeup_delay_set</STRONG> (Thumb, 0 bytes, Stack size 0 bytes, da14531_symbols.txt(ABSOLUTE))
<BR><BR>[Called By]<UL><LI><a href="#[11b]">&gt;&gt;</a>&nbsp;&nbsp;&nbsp;set_sleep_delay
</UL>

<P><STRONG><a name="[11a]"></a>__aeabi_uidiv</STRONG> (Thumb, 0 bytes, Stack size 0 bytes, da14531_symbols.txt(ABSOLUTE))
<BR><BR>[Called By]<UL><LI><a href="#[2b]">&gt;&gt;</a>&nbsp;&nbsp;&nbsp;rf_rssi_convert
<LI><a href="#[7b]">&gt;&gt;</a>&nbsp;&nbsp;&nbsp;lld_sleep_compensate_func
<LI><a href="#[7d]">&gt;&gt;</a>&nbsp;&nbsp;&nbsp;lld_sleep_us_2_lpcycles_sel_func
<LI><a href="#[11b]">&gt;&gt;</a>&nbsp;&nbsp;&nbsp;set_sleep_delay
</UL>

<P><STRONG><a name="[12d]"></a>__aeabi_idiv</STRONG> (Thumb, 0 bytes, Stack size 0 bytes, da14531_symbols.txt(ABSOLUTE))
<BR><BR>[Called By]<UL><LI><a href="#[13]">&gt;&gt;</a>&nbsp;&nbsp;&nbsp;main
</UL>

<P><STRONG><a name="[11c]"></a>__aeabi_lmul</STRONG> (Thumb, 0 bytes, Stack size 0 bytes, da14531_symbols.txt(ABSOLUTE))
<BR><BR>[Called By]<UL><LI><a href="#[119]">&gt;&gt;</a>&nbsp;&nbsp;&nbsp;lld_sleep_lpcycles_2_us_rcx_func
<LI><a href="#[13]">&gt;&gt;</a>&nbsp;&nbsp;&nbsp;main
</UL>

<P><STRONG><a name="[b9]"></a>__aeabi_memcpy</STRONG> (Thumb, 0 bytes, Stack size 0 bytes, da14531_symbols.txt(ABSOLUTE))
<BR><BR>[Called By]<UL><LI><a href="#[1c]">&gt;&gt;</a>&nbsp;&nbsp;&nbsp;PATCHED_llm_con_req_ind
<LI><a href="#[1d]">&gt;&gt;</a>&nbsp;&nbsp;&nbsp;PATCHED_smpc_recv_pair_rand_pdu
<LI><a href="#[1e]">&gt;&gt;</a>&nbsp;&nbsp;&nbsp;PATCHED_smpc_recv_public_key_exchange_pdu
<LI><a href="#[8e]">&gt;&gt;</a>&nbsp;&nbsp;&nbsp;JT_l2cc_pdu_unpack_func
<LI><a href="#[5a]">&gt;&gt;</a>&nbsp;&nbsp;&nbsp;rf_init_func
<LI><a href="#[122]">&gt;&gt;</a>&nbsp;&nbsp;&nbsp;periph_init
<LI><a href="#[13]">&gt;&gt;</a>&nbsp;&nbsp;&nbsp;main
<LI><a href="#[14]">&gt;&gt;</a>&nbsp;&nbsp;&nbsp;adv_data_update_timer_cb
<LI><a href="#[31]">&gt;&gt;</a>&nbsp;&nbsp;&nbsp;diss_value_req_ind_handler
<LI><a href="#[37]">&gt;&gt;</a>&nbsp;&nbsp;&nbsp;gapc_get_dev_info_req_ind_handler_wrapper
<LI><a href="#[35]">&gt;&gt;</a>&nbsp;&nbsp;&nbsp;gapc_connection_req_ind_handler_wrapper
<LI><a href="#[54]">&gt;&gt;</a>&nbsp;&nbsp;&nbsp;user_catch_rest_hndl
<LI><a href="#[52]">&gt;&gt;</a>&nbsp;&nbsp;&nbsp;app_easy_gap_dev_configure
<LI><a href="#[f8]">&gt;&gt;</a>&nbsp;&nbsp;&nbsp;app_easy_gap_undirected_advertise_start_create_msg
<LI><a href="#[af]">&gt;&gt;</a>&nbsp;&nbsp;&nbsp;default_app_on_set_dev_info
<LI><a href="#[ac]">&gt;&gt;</a>&nbsp;&nbsp;&nbsp;default_app_on_get_dev_name
<LI><a href="#[101]">&gt;&gt;</a>&nbsp;&nbsp;&nbsp;user_app_adv_start
<LI><a href="#[4c]">&gt;&gt;</a>&nbsp;&nbsp;&nbsp;custs1_value_req_rsp_handler
<LI><a href="#[45]">&gt;&gt;</a>&nbsp;&nbsp;&nbsp;gattc_write_req_ind_handler
</UL>

<P><STRONG><a name="[fe]"></a>__aeabi_memcpy4</STRONG> (Thumb, 0 bytes, Stack size 0 bytes, da14531_symbols.txt(ABSOLUTE))
<BR><BR>[Called By]<UL><LI><a href="#[a6]">&gt;&gt;</a>&nbsp;&nbsp;&nbsp;ble_init_arp_func
</UL>

<P><STRONG><a name="[f7]"></a>__aeabi_memclr</STRONG> (Thumb, 0 bytes, Stack size 0 bytes, da14531_symbols.txt(ABSOLUTE))
<BR><BR>[Called By]<UL><LI><a href="#[52]">&gt;&gt;</a>&nbsp;&nbsp;&nbsp;app_easy_gap_dev_configure
</UL>

<P><STRONG><a name="[106]"></a>__aeabi_memclr4</STRONG> (Thumb, 0 bytes, Stack size 0 bytes, da14531_symbols.txt(ABSOLUTE))
<BR><BR>[Called By]<UL><LI><a href="#[37]">&gt;&gt;</a>&nbsp;&nbsp;&nbsp;gapc_get_dev_info_req_ind_handler_wrapper
</UL>

<P><STRONG><a name="[120]"></a>__aeabi_memclr8</STRONG> (Thumb, 0 bytes, Stack size 0 bytes, da14531_symbols.txt(ABSOLUTE))
<BR><BR>[Called By]<UL><LI><a href="#[13]">&gt;&gt;</a>&nbsp;&nbsp;&nbsp;main
</UL>

<P><STRONG><a name="[c1]"></a>memcmp</STRONG> (Thumb, 0 bytes, Stack size 0 bytes, da14531_symbols.txt(ABSOLUTE))
<BR><BR>[Called By]<UL><LI><a href="#[1c]">&gt;&gt;</a>&nbsp;&nbsp;&nbsp;PATCHED_llm_con_req_ind
<LI><a href="#[1d]">&gt;&gt;</a>&nbsp;&nbsp;&nbsp;PATCHED_smpc_recv_pair_rand_pdu
<LI><a href="#[1e]">&gt;&gt;</a>&nbsp;&nbsp;&nbsp;PATCHED_smpc_recv_public_key_exchange_pdu
<LI><a href="#[52]">&gt;&gt;</a>&nbsp;&nbsp;&nbsp;app_easy_gap_dev_configure
</UL>

<P><STRONG><a name="[ed]"></a>__aeabi_llsl</STRONG> (Thumb, 0 bytes, Stack size 0 bytes, da14531_symbols.txt(ABSOLUTE))
<BR><BR>[Called By]<UL><LI><a href="#[1f]">&gt;&gt;</a>&nbsp;&nbsp;&nbsp;GPIO_ConfigurePin
<LI><a href="#[13]">&gt;&gt;</a>&nbsp;&nbsp;&nbsp;main
</UL>

<P><STRONG><a name="[14b]"></a>arch_puts</STRONG> (Thumb, 0 bytes, Stack size 0 bytes, da14531_symbols.txt(ABSOLUTE))
<BR><BR>[Called By]<UL><LI><a href="#[54]">&gt;&gt;</a>&nbsp;&nbsp;&nbsp;user_catch_rest_hndl
</UL>

<P><STRONG><a name="[12e]"></a>arch_printf_process</STRONG> (Thumb, 0 bytes, Stack size 0 bytes, da14531_symbols.txt(ABSOLUTE))
<BR><BR>[Called By]<UL><LI><a href="#[13]">&gt;&gt;</a>&nbsp;&nbsp;&nbsp;main
</UL>

<P><STRONG><a name="[75]"></a>nvds_get_func</STRONG> (Thumb, 0 bytes, Stack size 0 bytes, da14531_symbols.txt(ABSOLUTE), UNUSED)
<BR>[Address Reference Count : 1]<UL><LI> lto-llvm-b00a77.o(.rodata.rom_func_addr_table_var)
</UL>
<P><STRONG><a name="[78]"></a>nvds_init_func</STRONG> (Thumb, 0 bytes, Stack size 0 bytes, da14531_symbols.txt(ABSOLUTE), UNUSED)
<BR>[Address Reference Count : 1]<UL><LI> lto-llvm-b00a77.o(.rodata.rom_func_addr_table_var)
</UL>
<P><STRONG><a name="[77]"></a>nvds_del_func</STRONG> (Thumb, 0 bytes, Stack size 0 bytes, da14531_symbols.txt(ABSOLUTE), UNUSED)
<BR>[Address Reference Count : 1]<UL><LI> lto-llvm-b00a77.o(.rodata.rom_func_addr_table_var)
</UL>
<P><STRONG><a name="[76]"></a>nvds_put_func</STRONG> (Thumb, 0 bytes, Stack size 0 bytes, da14531_symbols.txt(ABSOLUTE), UNUSED)
<BR>[Address Reference Count : 1]<UL><LI> lto-llvm-b00a77.o(.rodata.rom_func_addr_table_var)
</UL>
<P><STRONG><a name="[104]"></a>csprng_seed</STRONG> (Thumb, 0 bytes, Stack size 0 bytes, da14531_symbols.txt(ABSOLUTE))
<BR><BR>[Called By]<UL><LI><a href="#[a1]">&gt;&gt;</a>&nbsp;&nbsp;&nbsp;dia_srand_func
<LI><a href="#[13]">&gt;&gt;</a>&nbsp;&nbsp;&nbsp;main
</UL>

<P><STRONG><a name="[103]"></a>csprng_get_next_uint32</STRONG> (Thumb, 0 bytes, Stack size 0 bytes, da14531_symbols.txt(ABSOLUTE))
<BR><BR>[Called By]<UL><LI><a href="#[a0]">&gt;&gt;</a>&nbsp;&nbsp;&nbsp;dia_rand_func
</UL>

<P><STRONG><a name="[123]"></a>trng_acquire</STRONG> (Thumb, 0 bytes, Stack size 0 bytes, da14531_symbols.txt(ABSOLUTE))
<BR><BR>[Called By]<UL><LI><a href="#[13]">&gt;&gt;</a>&nbsp;&nbsp;&nbsp;main
</UL>

<P><STRONG><a name="[85]"></a>prf_add_profile_func</STRONG> (Thumb, 0 bytes, Stack size 0 bytes, da14531_symbols.txt(ABSOLUTE), UNUSED)
<BR>[Address Reference Count : 1]<UL><LI> lto-llvm-b00a77.o(.rodata.rom_func_addr_table_var)
</UL>
<P><STRONG><a name="[87]"></a>prf_cleanup_func</STRONG> (Thumb, 0 bytes, Stack size 0 bytes, da14531_symbols.txt(ABSOLUTE), UNUSED)
<BR>[Address Reference Count : 1]<UL><LI> lto-llvm-b00a77.o(.rodata.rom_func_addr_table_var)
</UL>
<P><STRONG><a name="[10e]"></a>prf_env_get</STRONG> (Thumb, 0 bytes, Stack size 0 bytes, da14531_symbols.txt(ABSOLUTE))
<BR><BR>[Called By]<UL><LI><a href="#[45]">&gt;&gt;</a>&nbsp;&nbsp;&nbsp;gattc_write_req_ind_handler
</UL>

<P><STRONG><a name="[116]"></a>prf_dst_task_get</STRONG> (Thumb, 0 bytes, Stack size 0 bytes, da14531_symbols.txt(ABSOLUTE))
<BR><BR>[Called By]<UL><LI><a href="#[45]">&gt;&gt;</a>&nbsp;&nbsp;&nbsp;gattc_write_req_ind_handler
</UL>

<P><STRONG><a name="[88]"></a>prf_get_id_from_task_func</STRONG> (Thumb, 0 bytes, Stack size 0 bytes, da14531_symbols.txt(ABSOLUTE), UNUSED)
<BR>[Address Reference Count : 1]<UL><LI> lto-llvm-b00a77.o(.rodata.rom_func_addr_table_var)
</UL>
<P><STRONG><a name="[89]"></a>prf_get_task_from_id_func</STRONG> (Thumb, 0 bytes, Stack size 0 bytes, da14531_symbols.txt(ABSOLUTE), UNUSED)
<BR>[Address Reference Count : 1]<UL><LI> lto-llvm-b00a77.o(.rodata.rom_func_addr_table_var)
</UL>
<P><STRONG><a name="[135]"></a>prf_itf_get</STRONG> (Thumb, 0 bytes, Stack size 0 bytes, da14531_symbols.txt(ABSOLUTE))
<BR><BR>[Called By]<UL><LI><a href="#[86]">&gt;&gt;</a>&nbsp;&nbsp;&nbsp;prf_create_func
<LI><a href="#[84]">&gt;&gt;</a>&nbsp;&nbsp;&nbsp;prf_init_func
</UL>

<P><STRONG><a name="[50]"></a>diss_prf_itf_get</STRONG> (Thumb, 0 bytes, Stack size 0 bytes, da14531_symbols.txt(ABSOLUTE), UNUSED)
<BR>[Address Reference Count : 1]<UL><LI> lto-llvm-b00a77.o(.rodata.prf_if)
</UL>
<P><STRONG><a name="[112]"></a>check_client_char_cfg</STRONG> (Thumb, 0 bytes, Stack size 0 bytes, da14531_symbols.txt(ABSOLUTE))
<BR><BR>[Called By]<UL><LI><a href="#[45]">&gt;&gt;</a>&nbsp;&nbsp;&nbsp;gattc_write_req_ind_handler
</UL>

<P><STRONG><a name="[110]"></a>get_value_handle</STRONG> (Thumb, 0 bytes, Stack size 0 bytes, da14531_symbols.txt(ABSOLUTE))
<BR><BR>[Called By]<UL><LI><a href="#[45]">&gt;&gt;</a>&nbsp;&nbsp;&nbsp;gattc_write_req_ind_handler
</UL>

<P><STRONG><a name="[100]"></a>custs1_get_att_handle</STRONG> (Thumb, 0 bytes, Stack size 0 bytes, da14531_symbols.txt(ABSOLUTE))
<BR><BR>[Called By]<UL><LI><a href="#[4c]">&gt;&gt;</a>&nbsp;&nbsp;&nbsp;custs1_value_req_rsp_handler
</UL>

<P><STRONG><a name="[10f]"></a>custs1_get_att_idx</STRONG> (Thumb, 0 bytes, Stack size 0 bytes, da14531_symbols.txt(ABSOLUTE))
<BR><BR>[Called By]<UL><LI><a href="#[45]">&gt;&gt;</a>&nbsp;&nbsp;&nbsp;gattc_write_req_ind_handler
</UL>

<P><STRONG><a name="[51]"></a>custs1_prf_itf_get</STRONG> (Thumb, 0 bytes, Stack size 0 bytes, da14531_symbols.txt(ABSOLUTE), UNUSED)
<BR>[Address Reference Count : 1]<UL><LI> lto-llvm-b00a77.o(.rodata.prf_if)
</UL>
<P><STRONG><a name="[113]"></a>custs1_set_ccc_value</STRONG> (Thumb, 0 bytes, Stack size 0 bytes, da14531_symbols.txt(ABSOLUTE))
<BR><BR>[Called By]<UL><LI><a href="#[45]">&gt;&gt;</a>&nbsp;&nbsp;&nbsp;gattc_write_req_ind_handler
</UL>

<P><STRONG><a name="[47]"></a>gattc_cmp_evt_handler</STRONG> (Thumb, 0 bytes, Stack size 0 bytes, da14531_symbols.txt(ABSOLUTE), UNUSED)
<BR>[Address Reference Count : 1]<UL><LI> lto-llvm-b00a77.o(.rodata.custs1_default_state)
</UL>
<P><STRONG><a name="[49]"></a>custs1_val_set_req_handler</STRONG> (Thumb, 0 bytes, Stack size 0 bytes, da14531_symbols.txt(ABSOLUTE), UNUSED)
<BR>[Address Reference Count : 1]<UL><LI> lto-llvm-b00a77.o(.rodata.custs1_default_state)
</UL>
<P><STRONG><a name="[48]"></a>custs1_val_ntf_req_handler</STRONG> (Thumb, 0 bytes, Stack size 0 bytes, da14531_symbols.txt(ABSOLUTE), UNUSED)
<BR>[Address Reference Count : 1]<UL><LI> lto-llvm-b00a77.o(.rodata.custs1_default_state)
</UL>
<P><STRONG><a name="[4a]"></a>custs1_val_ind_req_handler</STRONG> (Thumb, 0 bytes, Stack size 0 bytes, da14531_symbols.txt(ABSOLUTE), UNUSED)
<BR>[Address Reference Count : 1]<UL><LI> lto-llvm-b00a77.o(.rodata.custs1_default_state)
</UL>
<P><STRONG><a name="[4b]"></a>custs1_att_info_rsp_handler</STRONG> (Thumb, 0 bytes, Stack size 0 bytes, da14531_symbols.txt(ABSOLUTE), UNUSED)
<BR>[Address Reference Count : 1]<UL><LI> lto-llvm-b00a77.o(.rodata.custs1_default_state)
</UL>
<P><STRONG><a name="[44]"></a>gattc_read_req_ind_handler</STRONG> (Thumb, 0 bytes, Stack size 0 bytes, da14531_symbols.txt(ABSOLUTE), UNUSED)
<BR>[Address Reference Count : 1]<UL><LI> lto-llvm-b00a77.o(.rodata.custs1_default_state)
</UL>
<P><STRONG><a name="[46]"></a>gattc_att_info_req_ind_handler</STRONG> (Thumb, 0 bytes, Stack size 0 bytes, da14531_symbols.txt(ABSOLUTE), UNUSED)
<BR>[Address Reference Count : 1]<UL><LI> lto-llvm-b00a77.o(.rodata.custs1_default_state)
</UL>
<P><STRONG><a name="[10b]"></a>gapm_adv_report_ind_handler_ROM</STRONG> (Thumb, 0 bytes, Stack size 0 bytes, da14531_symbols.txt(ABSOLUTE))
<BR><BR>[Called By]<UL><LI><a href="#[3a]">&gt;&gt;</a>&nbsp;&nbsp;&nbsp;gapm_adv_report_ind_handler_wrapper
</UL>

<P><STRONG><a name="[10a]"></a>gapc_set_dev_info_req_ind_handler_ROM</STRONG> (Thumb, 0 bytes, Stack size 0 bytes, da14531_symbols.txt(ABSOLUTE))
<BR><BR>[Called By]<UL><LI><a href="#[38]">&gt;&gt;</a>&nbsp;&nbsp;&nbsp;gapc_set_dev_info_req_ind_handler_wrapper
</UL>

<P><STRONG><a name="[10c]"></a>gapm_profile_added_ind_handler_ROM</STRONG> (Thumb, 0 bytes, Stack size 0 bytes, da14531_symbols.txt(ABSOLUTE))
<BR><BR>[Called By]<UL><LI><a href="#[39]">&gt;&gt;</a>&nbsp;&nbsp;&nbsp;gapm_profile_added_ind_handler_wrapper
</UL>

<P><STRONG><a name="[108]"></a>gapc_param_update_req_ind_handler_ROM</STRONG> (Thumb, 0 bytes, Stack size 0 bytes, da14531_symbols.txt(ABSOLUTE))
<BR><BR>[Called By]<UL><LI><a href="#[3b]">&gt;&gt;</a>&nbsp;&nbsp;&nbsp;gapc_param_update_req_ind_handler_wrapper
</UL>

<P><STRONG><a name="[107]"></a>gapc_le_pkt_size_ind_handler_ROM</STRONG> (Thumb, 0 bytes, Stack size 0 bytes, da14531_symbols.txt(ABSOLUTE))
<BR><BR>[Called By]<UL><LI><a href="#[3c]">&gt;&gt;</a>&nbsp;&nbsp;&nbsp;gapc_le_pkt_size_ind_handler_wrapper
</UL>

<P><STRONG><a name="[10d]"></a>gattc_svc_changed_cfg_ind_handler_ROM</STRONG> (Thumb, 0 bytes, Stack size 0 bytes, da14531_symbols.txt(ABSOLUTE))
<BR><BR>[Called By]<UL><LI><a href="#[3d]">&gt;&gt;</a>&nbsp;&nbsp;&nbsp;gattc_svc_changed_cfg_ind_handler_wrapper
</UL>

<P><STRONG><a name="[109]"></a>gapc_peer_features_ind_handler_ROM</STRONG> (Thumb, 0 bytes, Stack size 0 bytes, da14531_symbols.txt(ABSOLUTE))
<BR><BR>[Called By]<UL><LI><a href="#[3e]">&gt;&gt;</a>&nbsp;&nbsp;&nbsp;gapc_peer_features_ind_handler_wrapper
</UL>

<P><STRONG><a name="[30]"></a>app_entry_point_handler</STRONG> (Thumb, 0 bytes, Stack size 0 bytes, da14531_symbols.txt(ABSOLUTE), UNUSED)
<BR>[Address Reference Count : 1]<UL><LI> lto-llvm-b00a77.o(.rodata.app_default_state)
</UL>
<P><STRONG><a name="[f6]"></a>app_std_process_event</STRONG> (Thumb, 0 bytes, Stack size 0 bytes, da14531_symbols.txt(ABSOLUTE))
<BR><BR>[Called By]<UL><LI><a href="#[42]">&gt;&gt;</a>&nbsp;&nbsp;&nbsp;app_custs1_process_handler
<LI><a href="#[41]">&gt;&gt;</a>&nbsp;&nbsp;&nbsp;app_diss_process_handler
<LI><a href="#[3f]">&gt;&gt;</a>&nbsp;&nbsp;&nbsp;app_gap_process_handler_RAM
</UL>

<P><STRONG><a name="[137]"></a>__aeabi_uldivmod</STRONG> (Thumb, 0 bytes, Stack size 0 bytes, da14531_symbols.txt(ABSOLUTE))
<BR><BR>[Called By]<UL><LI><a href="#[126]">&gt;&gt;</a>&nbsp;&nbsp;&nbsp;read_rcx_freq
</UL>

<P><STRONG><a name="[102]"></a>app_db_init_start</STRONG> (Thumb, 0 bytes, Stack size 0 bytes, da14531_symbols.txt(ABSOLUTE))
<BR><BR>[Called By]<UL><LI><a href="#[a9]">&gt;&gt;</a>&nbsp;&nbsp;&nbsp;default_app_on_set_dev_config_complete
</UL>

<P><STRONG><a name="[105]"></a>app_easy_gap_confirm</STRONG> (Thumb, 0 bytes, Stack size 0 bytes, da14531_symbols.txt(ABSOLUTE))
<BR><BR>[Called By]<UL><LI><a href="#[35]">&gt;&gt;</a>&nbsp;&nbsp;&nbsp;gapc_connection_req_ind_handler_wrapper
</UL>

<P><STRONG><a name="[f9]"></a>append_device_name</STRONG> (Thumb, 0 bytes, Stack size 0 bytes, da14531_symbols.txt(ABSOLUTE))
<BR><BR>[Called By]<UL><LI><a href="#[f8]">&gt;&gt;</a>&nbsp;&nbsp;&nbsp;app_easy_gap_undirected_advertise_start_create_msg
</UL>

<P><STRONG><a name="[f1]"></a>app_easy_gap_update_adv_data</STRONG> (Thumb, 0 bytes, Stack size 0 bytes, da14531_symbols.txt(ABSOLUTE))
<BR><BR>[Called By]<UL><LI><a href="#[14]">&gt;&gt;</a>&nbsp;&nbsp;&nbsp;adv_data_update_timer_cb
</UL>

<P><STRONG><a name="[f4]"></a>get_user_prf_srv_perm</STRONG> (Thumb, 0 bytes, Stack size 0 bytes, da14531_symbols.txt(ABSOLUTE))
<BR><BR>[Called By]<UL><LI><a href="#[43]">&gt;&gt;</a>&nbsp;&nbsp;&nbsp;app_custs1_create_db
<LI><a href="#[4f]">&gt;&gt;</a>&nbsp;&nbsp;&nbsp;app_diss_create_db
</UL>

<P><STRONG><a name="[128]"></a>prf_init_srv_perm</STRONG> (Thumb, 0 bytes, Stack size 0 bytes, da14531_symbols.txt(ABSOLUTE))
<BR><BR>[Called By]<UL><LI><a href="#[13]">&gt;&gt;</a>&nbsp;&nbsp;&nbsp;main
</UL>

<P><STRONG><a name="[b2]"></a>__main</STRONG> (Thumb, 0 bytes, Stack size unknown bytes, entry.o(.ARM.Collect$$$$00000000))
<BR><BR>[Called By]<UL><LI><a href="#[0]">&gt;&gt;</a>&nbsp;&nbsp;&nbsp;Reset_Handler
</UL>

<P><STRONG><a name="[14d]"></a>_main_stk</STRONG> (Thumb, 0 bytes, Stack size unknown bytes, entry4.o(.ARM.Collect$$$$00000003))

<P><STRONG><a name="[b3]"></a>_main_scatterload</STRONG> (Thumb, 0 bytes, Stack size unknown bytes, entry5.o(.ARM.Collect$$$$00000004))
<BR><BR>[Calls]<UL><LI><a href="#[b4]">&gt;&gt;</a>&nbsp;&nbsp;&nbsp;__scatterload
</UL>

<P><STRONG><a name="[ea]"></a>__main_after_scatterload</STRONG> (Thumb, 0 bytes, Stack size unknown bytes, entry5.o(.ARM.Collect$$$$00000004))
<BR><BR>[Called By]<UL><LI><a href="#[b4]">&gt;&gt;</a>&nbsp;&nbsp;&nbsp;__scatterload
</UL>

<P><STRONG><a name="[14e]"></a>_main_clock</STRONG> (Thumb, 0 bytes, Stack size unknown bytes, entry7b.o(.ARM.Collect$$$$00000008))

<P><STRONG><a name="[14f]"></a>_main_cpp_init</STRONG> (Thumb, 0 bytes, Stack size unknown bytes, entry8b.o(.ARM.Collect$$$$0000000A))

<P><STRONG><a name="[150]"></a>_main_init</STRONG> (Thumb, 0 bytes, Stack size unknown bytes, entry9a.o(.ARM.Collect$$$$0000000B))

<P><STRONG><a name="[151]"></a>__rt_final_cpp</STRONG> (Thumb, 0 bytes, Stack size unknown bytes, entry10a.o(.ARM.Collect$$$$0000000D))

<P><STRONG><a name="[152]"></a>__rt_final_exit</STRONG> (Thumb, 0 bytes, Stack size unknown bytes, entry11a.o(.ARM.Collect$$$$0000000F))

<P><STRONG><a name="[81]"></a>JT_lld_test_mode_rx_func</STRONG> (Thumb, 142 bytes, Stack size 24 bytes, patch_1.o(.text))
<BR><BR>[Stack]<UL><LI>Max Depth = 24<LI>Call Chain = JT_lld_test_mode_rx_func
</UL>
<BR>[Calls]<UL><LI><a href="#[b6]">&gt;&gt;</a>&nbsp;&nbsp;&nbsp;lld_util_freq2chnl
<LI><a href="#[b5]">&gt;&gt;</a>&nbsp;&nbsp;&nbsp;lld_evt_adv_create
<LI><a href="#[b7]">&gt;&gt;</a>&nbsp;&nbsp;&nbsp;lld_evt_elt_insert
</UL>
<BR>[Address Reference Count : 1]<UL><LI> lto-llvm-b00a77.o(.rodata.rom_func_addr_table_var)
</UL>
<P><STRONG><a name="[8e]"></a>JT_l2cc_pdu_unpack_func</STRONG> (Thumb, 786 bytes, Stack size 80 bytes, patch_1.o(.text))
<BR><BR>[Stack]<UL><LI>Max Depth = 80<LI>Call Chain = JT_l2cc_pdu_unpack_func
</UL>
<BR>[Calls]<UL><LI><a href="#[b9]">&gt;&gt;</a>&nbsp;&nbsp;&nbsp;__aeabi_memcpy
<LI><a href="#[b8]">&gt;&gt;</a>&nbsp;&nbsp;&nbsp;gapc_lecnx_check_rx
</UL>
<BR>[Address Reference Count : 1]<UL><LI> lto-llvm-b00a77.o(.rodata.rom_func_addr_table_var)
</UL>
<P><STRONG><a name="[91]"></a>JT_l2cc_pdu_recv_ind_handler_func</STRONG> (Thumb, 72 bytes, Stack size 40 bytes, patch_1.o(.text))
<BR><BR>[Stack]<UL><LI>Max Depth = 40<LI>Call Chain = JT_l2cc_pdu_recv_ind_handler_func
</UL>
<BR>[Calls]<UL><LI><a href="#[bc]">&gt;&gt;</a>&nbsp;&nbsp;&nbsp;smpc_pdu_recv
<LI><a href="#[ba]">&gt;&gt;</a>&nbsp;&nbsp;&nbsp;ke_state_get
<LI><a href="#[bb]">&gt;&gt;</a>&nbsp;&nbsp;&nbsp;l2cc_pdu_recv_ind_handler_func
</UL>
<BR>[Address Reference Count : 1]<UL><LI> lto-llvm-b00a77.o(.rodata.rom_func_addr_table_var)
</UL>
<P><STRONG><a name="[1c]"></a>PATCHED_llm_con_req_ind</STRONG> (Thumb, 814 bytes, Stack size 120 bytes, patch_1.o(.text))
<BR><BR>[Stack]<UL><LI>Max Depth = 120<LI>Call Chain = PATCHED_llm_con_req_ind
</UL>
<BR>[Calls]<UL><LI><a href="#[c6]">&gt;&gt;</a>&nbsp;&nbsp;&nbsp;llm_util_bd_addr_in_wl
<LI><a href="#[ce]">&gt;&gt;</a>&nbsp;&nbsp;&nbsp;llm_wl_from_rl_restore
<LI><a href="#[c5]">&gt;&gt;</a>&nbsp;&nbsp;&nbsp;lld_evt_elt_delete
<LI><a href="#[cb]">&gt;&gt;</a>&nbsp;&nbsp;&nbsp;lld_move_to_slave
<LI><a href="#[cd]">&gt;&gt;</a>&nbsp;&nbsp;&nbsp;llc_util_update_channel_map
[...]
</UL>
<BR>[Address Reference Count : 1]<UL><LI> lto-llvm-b00a77.o(.rodata.app_process_handlers)
</UL>
<P><STRONG><a name="[32]"></a>gapm_device_ready_ind_handler_wrapper</STRONG> (Thumb, 40 bytes, Stack size 8 bytes, lto-llvm-b00a77.o(.text.gapm_device_ready_ind_handler_wrapper))
<BR><BR>[Stack]<UL><LI>Max Depth = 8<LI>Call Chain = gapm_device_ready_ind_handler_wrapper
</UL>
<BR>[Calls]<UL><LI><a href="#[f5]">&gt;&gt;</a>&nbsp;&nbsp;&nbsp;ke_msg_send
<LI><a href="#[f3]">&gt;&gt;</a>&nbsp;&nbsp;&nbsp;ke_msg_alloc
<LI><a href="#[ba]">&gt;&gt;</a>&nbsp;&nbsp;&nbsp;ke_state_get
</UL>
<BR>[Address Reference Count : 1]<UL><LI> lto-llvm-b00a77.o(.rodata.app_gap_process_handlers)
</UL>
<P><STRONG><a name="[33]"></a>gapm_cmp_evt_handler_wrapper</STRONG> (Thumb, 90 bytes, Stack size 16 bytes, lto-llvm-b00a77.o(.text.gapm_cmp_evt_handler_wrapper))
<BR><BR>[Stack]<UL><LI>Max Depth = 80<LI>Call Chain = gapm_cmp_evt_handler_wrapper &rArr; user_app_adv_undirect_complete &rArr; user_app_adv_start &rArr; app_easy_timer &rArr; create_timer
</UL>
<BR>[Calls]<UL><LI><a href="#[54]">&gt;&gt;</a>&nbsp;&nbsp;&nbsp;user_catch_rest_hndl
<LI><a href="#[aa]">&gt;&gt;</a>&nbsp;&nbsp;&nbsp;user_app_adv_undirect_complete
<LI><a href="#[52]">&gt;&gt;</a>&nbsp;&nbsp;&nbsp;app_easy_gap_dev_configure
<LI><a href="#[a9]">&gt;&gt;</a>&nbsp;&nbsp;&nbsp;default_app_on_set_dev_config_complete
</UL>
<BR>[Address Reference Count : 1]<UL><LI> lto-llvm-b00a77.o(.rodata.app_gap_process_handlers)
</UL>
<P><STRONG><a name="[aa]"></a>user_app_adv_undirect_complete</STRONG> (Thumb, 12 bytes, Stack size 8 bytes, lto-llvm-b00a77.o(.text.user_app_adv_undirect_complete))
<BR><BR>[Stack]<UL><LI>Max Depth = 64<LI>Call Chain = user_app_adv_undirect_complete &rArr; user_app_adv_start &rArr; app_easy_timer &rArr; create_timer
</UL>
<BR>[Calls]<UL><LI><a href="#[101]">&gt;&gt;</a>&nbsp;&nbsp;&nbsp;user_app_adv_start
</UL>
<BR>[Called By]<UL><LI><a href="#[33]">&gt;&gt;</a>&nbsp;&nbsp;&nbsp;gapm_cmp_evt_handler_wrapper
</UL>
<BR>[Address Reference Count : 1]<UL><LI> lto-llvm-b00a77.o(.rodata.user_app_callbacks)
</UL>
<P><STRONG><a name="[54]"></a>user_catch_rest_hndl</STRONG> (Thumb, 252 bytes, Stack size 24 bytes, lto-llvm-b00a77.o(.text.user_catch_rest_hndl))
<BR><BR>[Stack]<UL><LI>Max Depth = 56<LI>Call Chain = user_catch_rest_hndl &rArr; app_easy_timer &rArr; create_timer
</UL>
<BR>[Calls]<UL><LI><a href="#[14b]">&gt;&gt;</a>&nbsp;&nbsp;&nbsp;arch_puts
<LI><a href="#[f5]">&gt;&gt;</a>&nbsp;&nbsp;&nbsp;ke_msg_send
<LI><a href="#[f3]">&gt;&gt;</a>&nbsp;&nbsp;&nbsp;ke_msg_alloc
<LI><a href="#[b9]">&gt;&gt;</a>&nbsp;&nbsp;&nbsp;__aeabi_memcpy
<LI><a href="#[fb]">&gt;&gt;</a>&nbsp;&nbsp;&nbsp;app_easy_timer_cancel
<LI><a href="#[f2]">&gt;&gt;</a>&nbsp;&nbsp;&nbsp;app_easy_timer
</UL>
<BR>[Called By]<UL><LI><a href="#[34]">&gt;&gt;</a>&nbsp;&nbsp;&nbsp;gapc_cmp_evt_handler_wrapper
<LI><a href="#[33]">&gt;&gt;</a>&nbsp;&nbsp;&nbsp;gapm_cmp_evt_handler_wrapper
</UL>
<BR>[Address Reference Count : 1]<UL><LI> lto-llvm-b00a77.o(.rodata.rom_app_task_cfg)
</UL>
<P><STRONG><a name="[34]"></a>gapc_cmp_evt_handler_wrapper</STRONG> (Thumb, 36 bytes, Stack size 8 bytes, lto-llvm-b00a77.o(.text.gapc_cmp_evt_handler_wrapper))
<BR><BR>[Stack]<UL><LI>Max Depth = 64<LI>Call Chain = gapc_cmp_evt_handler_wrapper &rArr; user_catch_rest_hndl &rArr; app_easy_timer &rArr; create_timer
</UL>
<BR>[Calls]<UL><LI><a href="#[54]">&gt;&gt;</a>&nbsp;&nbsp;&nbsp;user_catch_rest_hndl
</UL>
<BR>[Address Reference Count : 1]<UL><LI> lto-llvm-b00a77.o(.rodata.app_gap_process_handlers)
</UL>
<P><STRONG><a name="[35]"></a>gapc_connection_req_ind_handler_wrapper</STRONG> (Thumb, 96 bytes, Stack size 24 bytes, lto-llvm-b00a77.o(.text.gapc_connection_req_ind_handler_wrapper))
<BR><BR>[Stack]<UL><LI>Max Depth = 96<LI>Call Chain = gapc_connection_req_ind_handler_wrapper &rArr; user_app_connection &rArr; user_app_adv_start &rArr; app_easy_timer &rArr; create_timer
</UL>
<BR>[Calls]<UL><LI><a href="#[105]">&gt;&gt;</a>&nbsp;&nbsp;&nbsp;app_easy_gap_confirm
<LI><a href="#[d0]">&gt;&gt;</a>&nbsp;&nbsp;&nbsp;ke_state_set
<LI><a href="#[ba]">&gt;&gt;</a>&nbsp;&nbsp;&nbsp;ke_state_get
<LI><a href="#[b9]">&gt;&gt;</a>&nbsp;&nbsp;&nbsp;__aeabi_memcpy
<LI><a href="#[a7]">&gt;&gt;</a>&nbsp;&nbsp;&nbsp;user_app_connection
</UL>
<BR>[Address Reference Count : 1]<UL><LI> lto-llvm-b00a77.o(.rodata.app_gap_process_handlers)
</UL>
<P><STRONG><a name="[a7]"></a>user_app_connection</STRONG> (Thumb, 84 bytes, Stack size 16 bytes, lto-llvm-b00a77.o(.text.user_app_connection))
<BR><BR>[Stack]<UL><LI>Max Depth = 72<LI>Call Chain = user_app_connection &rArr; user_app_adv_start &rArr; app_easy_timer &rArr; create_timer
</UL>
<BR>[Calls]<UL><LI><a href="#[fb]">&gt;&gt;</a>&nbsp;&nbsp;&nbsp;app_easy_timer_cancel
<LI><a href="#[f2]">&gt;&gt;</a>&nbsp;&nbsp;&nbsp;app_easy_timer
<LI><a href="#[101]">&gt;&gt;</a>&nbsp;&nbsp;&nbsp;user_app_adv_start
</UL>
<BR>[Called By]<UL><LI><a href="#[35]">&gt;&gt;</a>&nbsp;&nbsp;&nbsp;gapc_connection_req_ind_handler_wrapper
</UL>
<BR>[Address Reference Count : 1]<UL><LI> lto-llvm-b00a77.o(.rodata.user_app_callbacks)
</UL>
<P><STRONG><a name="[36]"></a>gapc_disconnect_ind_handler_wrapper</STRONG> (Thumb, 40 bytes, Stack size 8 bytes, lto-llvm-b00a77.o(.text.gapc_disconnect_ind_handler_wrapper))
<BR><BR>[Stack]<UL><LI>Max Depth = 72<LI>Call Chain = gapc_disconnect_ind_handler_wrapper &rArr; user_app_disconnect &rArr; user_app_adv_start &rArr; app_easy_timer &rArr; create_timer
</UL>
<BR>[Calls]<UL><LI><a href="#[ba]">&gt;&gt;</a>&nbsp;&nbsp;&nbsp;ke_state_get
<LI><a href="#[a8]">&gt;&gt;</a>&nbsp;&nbsp;&nbsp;user_app_disconnect
</UL>
<BR>[Address Reference Count : 1]<UL><LI> lto-llvm-b00a77.o(.rodata.app_gap_process_handlers)
</UL>
<P><STRONG><a name="[a8]"></a>user_app_disconnect</STRONG> (Thumb, 28 bytes, Stack size 8 bytes, lto-llvm-b00a77.o(.text.user_app_disconnect))
<BR><BR>[Stack]<UL><LI>Max Depth = 64<LI>Call Chain = user_app_disconnect &rArr; user_app_adv_start &rArr; app_easy_timer &rArr; create_timer
</UL>
<BR>[Calls]<UL><LI><a href="#[f0]">&gt;&gt;</a>&nbsp;&nbsp;&nbsp;mnf_data_update
<LI><a href="#[fb]">&gt;&gt;</a>&nbsp;&nbsp;&nbsp;app_easy_timer_cancel
<LI><a href="#[101]">&gt;&gt;</a>&nbsp;&nbsp;&nbsp;user_app_adv_start
</UL>
<BR>[Called By]<UL><LI><a href="#[36]">&gt;&gt;</a>&nbsp;&nbsp;&nbsp;gapc_disconnect_ind_handler_wrapper
</UL>
<BR>[Address Reference Count : 1]<UL><LI> lto-llvm-b00a77.o(.rodata.user_app_callbacks)
</UL>
<P><STRONG><a name="[37]"></a>gapc_get_dev_info_req_ind_handler_wrapper</STRONG> (Thumb, 152 bytes, Stack size 56 bytes, lto-llvm-b00a77.o(.text.gapc_get_dev_info_req_ind_handler_wrapper))
<BR><BR>[Stack]<UL><LI>Max Depth = 56<LI>Call Chain = gapc_get_dev_info_req_ind_handler_wrapper
</UL>
<BR>[Calls]<UL><LI><a href="#[f5]">&gt;&gt;</a>&nbsp;&nbsp;&nbsp;ke_msg_send
<LI><a href="#[f3]">&gt;&gt;</a>&nbsp;&nbsp;&nbsp;ke_msg_alloc
<LI><a href="#[106]">&gt;&gt;</a>&nbsp;&nbsp;&nbsp;__aeabi_memclr4
<LI><a href="#[b9]">&gt;&gt;</a>&nbsp;&nbsp;&nbsp;__aeabi_memcpy
</UL>
<BR>[Address Reference Count : 1]<UL><LI> lto-llvm-b00a77.o(.rodata.app_gap_process_handlers)
</UL>
<P><STRONG><a name="[38]"></a>gapc_set_dev_info_req_ind_handler_wrapper</STRONG> (Thumb, 8 bytes, Stack size 8 bytes, lto-llvm-b00a77.o(.text.gapc_set_dev_info_req_ind_handler_wrapper))
<BR><BR>[Stack]<UL><LI>Max Depth = 8<LI>Call Chain = gapc_set_dev_info_req_ind_handler_wrapper
</UL>
<BR>[Calls]<UL><LI><a href="#[10a]">&gt;&gt;</a>&nbsp;&nbsp;&nbsp;gapc_set_dev_info_req_ind_handler_ROM
</UL>
<BR>[Address Reference Count : 1]<UL><LI> lto-llvm-b00a77.o(.rodata.app_gap_process_handlers)
</UL>
<P><STRONG><a name="[39]"></a>gapm_profile_added_ind_handler_wrapper</STRONG> (Thumb, 8 bytes, Stack size 8 bytes, lto-llvm-b00a77.o(.text.gapm_profile_added_ind_handler_wrapper))
<BR><BR>[Stack]<UL><LI>Max Depth = 8<LI>Call Chain = gapm_profile_added_ind_handler_wrapper
</UL>
<BR>[Calls]<UL><LI><a href="#[10c]">&gt;&gt;</a>&nbsp;&nbsp;&nbsp;gapm_profile_added_ind_handler_ROM
</UL>
<BR>[Address Reference Count : 1]<UL><LI> lto-llvm-b00a77.o(.rodata.app_gap_process_handlers)
</UL>
<P><STRONG><a name="[3a]"></a>gapm_adv_report_ind_handler_wrapper</STRONG> (Thumb, 8 bytes, Stack size 8 bytes, lto-llvm-b00a77.o(.text.gapm_adv_report_ind_handler_wrapper))
<BR><BR>[Stack]<UL><LI>Max Depth = 8<LI>Call Chain = gapm_adv_report_ind_handler_wrapper
</UL>
<BR>[Calls]<UL><LI><a href="#[10b]">&gt;&gt;</a>&nbsp;&nbsp;&nbsp;gapm_adv_report_ind_handler_ROM
</UL>
<BR>[Address Reference Count : 1]<UL><LI> lto-llvm-b00a77.o(.rodata.app_gap_process_handlers)
</UL>
<P><STRONG><a name="[3b]"></a>gapc_param_update_req_ind_handler_wrapper</STRONG> (Thumb, 8 bytes, Stack size 8 bytes, lto-llvm-b00a77.o(.text.gapc_param_update_req_ind_handler_wrapper))
<BR><BR>[Stack]<UL><LI>Max Depth = 8<LI>Call Chain = gapc_param_update_req_ind_handler_wrapper
</UL>
<BR>[Calls]<UL><LI><a href="#[108]">&gt;&gt;</a>&nbsp;&nbsp;&nbsp;gapc_param_update_req_ind_handler_ROM
</UL>
<BR>[Address Reference Count : 1]<UL><LI> lto-llvm-b00a77.o(.rodata.app_gap_process_handlers)
</UL>
<P><STRONG><a name="[3c]"></a>gapc_le_pkt_size_ind_handler_wrapper</STRONG> (Thumb, 8 bytes, Stack size 8 bytes, lto-llvm-b00a77.o(.text.gapc_le_pkt_size_ind_handler_wrapper))
<BR><BR>[Stack]<UL><LI>Max Depth = 8<LI>Call Chain = gapc_le_pkt_size_ind_handler_wrapper
</UL>
<BR>[Calls]<UL><LI><a href="#[107]">&gt;&gt;</a>&nbsp;&nbsp;&nbsp;gapc_le_pkt_size_ind_handler_ROM
</UL>
<BR>[Address Reference Count : 1]<UL><LI> lto-llvm-b00a77.o(.rodata.app_gap_process_handlers)
</UL>
<P><STRONG><a name="[3d]"></a>gattc_svc_changed_cfg_ind_handler_wrapper</STRONG> (Thumb, 8 bytes, Stack size 8 bytes, lto-llvm-b00a77.o(.text.gattc_svc_changed_cfg_ind_handler_wrapper))
<BR><BR>[Stack]<UL><LI>Max Depth = 8<LI>Call Chain = gattc_svc_changed_cfg_ind_handler_wrapper
</UL>
<BR>[Calls]<UL><LI><a href="#[10d]">&gt;&gt;</a>&nbsp;&nbsp;&nbsp;gattc_svc_changed_cfg_ind_handler_ROM
</UL>
<BR>[Address Reference Count : 1]<UL><LI> lto-llvm-b00a77.o(.rodata.app_gap_process_handlers)
</UL>
<P><STRONG><a name="[3e]"></a>gapc_peer_features_ind_handler_wrapper</STRONG> (Thumb, 8 bytes, Stack size 8 bytes, lto-llvm-b00a77.o(.text.gapc_peer_features_ind_handler_wrapper))
<BR><BR>[Stack]<UL><LI>Max Depth = 8<LI>Call Chain = gapc_peer_features_ind_handler_wrapper
</UL>
<BR>[Calls]<UL><LI><a href="#[109]">&gt;&gt;</a>&nbsp;&nbsp;&nbsp;gapc_peer_features_ind_handler_ROM
</UL>
<BR>[Address Reference Count : 1]<UL><LI> lto-llvm-b00a77.o(.rodata.app_gap_process_handlers)
</UL>
<P><STRONG><a name="[4f]"></a>app_diss_create_db</STRONG> (Thumb, 52 bytes, Stack size 16 bytes, lto-llvm-b00a77.o(.text.app_diss_create_db))
<BR><BR>[Stack]<UL><LI>Max Depth = 16<LI>Call Chain = app_diss_create_db
</UL>
<BR>[Calls]<UL><LI><a href="#[f4]">&gt;&gt;</a>&nbsp;&nbsp;&nbsp;get_user_prf_srv_perm
<LI><a href="#[f5]">&gt;&gt;</a>&nbsp;&nbsp;&nbsp;ke_msg_send
<LI><a href="#[f3]">&gt;&gt;</a>&nbsp;&nbsp;&nbsp;ke_msg_alloc
</UL>
<BR>[Address Reference Count : 1]<UL><LI> lto-llvm-b00a77.o(.rodata.prf_funcs)
</UL>
<P><STRONG><a name="[41]"></a>app_diss_process_handler</STRONG> (Thumb, 28 bytes, Stack size 24 bytes, lto-llvm-b00a77.o(.text.app_diss_process_handler))
<BR><BR>[Stack]<UL><LI>Max Depth = 24<LI>Call Chain = app_diss_process_handler
</UL>
<BR>[Calls]<UL><LI><a href="#[f6]">&gt;&gt;</a>&nbsp;&nbsp;&nbsp;app_std_process_event
</UL>
<BR>[Address Reference Count : 1]<UL><LI> lto-llvm-b00a77.o(.rodata.app_process_handlers)
</UL>
<P><STRONG><a name="[31]"></a>diss_value_req_ind_handler</STRONG> (Thumb, 124 bytes, Stack size 24 bytes, lto-llvm-b00a77.o(.text.diss_value_req_ind_handler))
<BR><BR>[Stack]<UL><LI>Max Depth = 24<LI>Call Chain = diss_value_req_ind_handler
</UL>
<BR>[Calls]<UL><LI><a href="#[f5]">&gt;&gt;</a>&nbsp;&nbsp;&nbsp;ke_msg_send
<LI><a href="#[f3]">&gt;&gt;</a>&nbsp;&nbsp;&nbsp;ke_msg_alloc
<LI><a href="#[b9]">&gt;&gt;</a>&nbsp;&nbsp;&nbsp;__aeabi_memcpy
</UL>
<BR>[Address Reference Count : 1]<UL><LI> lto-llvm-b00a77.o(.rodata.app_diss_process_handlers)
</UL>
<P><STRONG><a name="[40]"></a>app_timer_api_process_handler</STRONG> (Thumb, 228 bytes, Stack size 16 bytes, lto-llvm-b00a77.o(.text.app_timer_api_process_handler))
<BR><BR>[Stack]<UL><LI>Max Depth = 32<LI>Call Chain = app_timer_api_process_handler &rArr; create_timer
</UL>
<BR>[Calls]<UL><LI><a href="#[fc]">&gt;&gt;</a>&nbsp;&nbsp;&nbsp;ke_timer_set
<LI><a href="#[f5]">&gt;&gt;</a>&nbsp;&nbsp;&nbsp;ke_msg_send
<LI><a href="#[f3]">&gt;&gt;</a>&nbsp;&nbsp;&nbsp;ke_msg_alloc
<LI><a href="#[fa]">&gt;&gt;</a>&nbsp;&nbsp;&nbsp;create_timer
</UL>
<BR>[Address Reference Count : 1]<UL><LI> lto-llvm-b00a77.o(.rodata.app_process_handlers)
</UL>
<P><STRONG><a name="[fa]"></a>create_timer</STRONG> (Thumb, 108 bytes, Stack size 16 bytes, lto-llvm-b00a77.o(.text.create_timer))
<BR><BR>[Stack]<UL><LI>Max Depth = 16<LI>Call Chain = create_timer
</UL>
<BR>[Calls]<UL><LI><a href="#[fc]">&gt;&gt;</a>&nbsp;&nbsp;&nbsp;ke_timer_set
<LI><a href="#[f5]">&gt;&gt;</a>&nbsp;&nbsp;&nbsp;ke_msg_send
<LI><a href="#[f3]">&gt;&gt;</a>&nbsp;&nbsp;&nbsp;ke_msg_alloc
</UL>
<BR>[Called By]<UL><LI><a href="#[f2]">&gt;&gt;</a>&nbsp;&nbsp;&nbsp;app_easy_timer
<LI><a href="#[40]">&gt;&gt;</a>&nbsp;&nbsp;&nbsp;app_timer_api_process_handler
</UL>

<P><STRONG><a name="[15]"></a>timer_modified_handler</STRONG> (Thumb, 2 bytes, Stack size 0 bytes, lto-llvm-b00a77.o(.text.timer_modified_handler))
<BR>[Address Reference Count : 1]<UL><LI> lto-llvm-b00a77.o(.text.app_timer_api_process_handler)
</UL>
<P><STRONG><a name="[16]"></a>timer_canceled_handler</STRONG> (Thumb, 2 bytes, Stack size 0 bytes, lto-llvm-b00a77.o(.text.timer_canceled_handler))
<BR>[Address Reference Count : 1]<UL><LI> lto-llvm-b00a77.o(.text.app_timer_api_process_handler)
</UL>
<P><STRONG><a name="[f2]"></a>app_easy_timer</STRONG> (Thumb, 44 bytes, Stack size 16 bytes, lto-llvm-b00a77.o(.text.app_easy_timer))
<BR><BR>[Stack]<UL><LI>Max Depth = 32<LI>Call Chain = app_easy_timer &rArr; create_timer
</UL>
<BR>[Calls]<UL><LI><a href="#[fa]">&gt;&gt;</a>&nbsp;&nbsp;&nbsp;create_timer
</UL>
<BR>[Called By]<UL><LI><a href="#[17]">&gt;&gt;</a>&nbsp;&nbsp;&nbsp;capture_adxl345_data_cb_handler
<LI><a href="#[18]">&gt;&gt;</a>&nbsp;&nbsp;&nbsp;capture_mcp9808_data_cb_handler
<LI><a href="#[14]">&gt;&gt;</a>&nbsp;&nbsp;&nbsp;adv_data_update_timer_cb
<LI><a href="#[a7]">&gt;&gt;</a>&nbsp;&nbsp;&nbsp;user_app_connection
<LI><a href="#[54]">&gt;&gt;</a>&nbsp;&nbsp;&nbsp;user_catch_rest_hndl
<LI><a href="#[101]">&gt;&gt;</a>&nbsp;&nbsp;&nbsp;user_app_adv_start
</UL>

<P><STRONG><a name="[fb]"></a>app_easy_timer_cancel</STRONG> (Thumb, 76 bytes, Stack size 24 bytes, lto-llvm-b00a77.o(.text.app_easy_timer_cancel))
<BR><BR>[Stack]<UL><LI>Max Depth = 24<LI>Call Chain = app_easy_timer_cancel
</UL>
<BR>[Calls]<UL><LI><a href="#[cf]">&gt;&gt;</a>&nbsp;&nbsp;&nbsp;ke_timer_clear
<LI><a href="#[f5]">&gt;&gt;</a>&nbsp;&nbsp;&nbsp;ke_msg_send
<LI><a href="#[f3]">&gt;&gt;</a>&nbsp;&nbsp;&nbsp;ke_msg_alloc
</UL>
<BR>[Called By]<UL><LI><a href="#[a8]">&gt;&gt;</a>&nbsp;&nbsp;&nbsp;user_app_disconnect
<LI><a href="#[a7]">&gt;&gt;</a>&nbsp;&nbsp;&nbsp;user_app_connection
<LI><a href="#[54]">&gt;&gt;</a>&nbsp;&nbsp;&nbsp;user_catch_rest_hndl
</UL>

<P><STRONG><a name="[43]"></a>app_custs1_create_db</STRONG> (Thumb, 52 bytes, Stack size 16 bytes, lto-llvm-b00a77.o(.text.app_custs1_create_db))
<BR><BR>[Stack]<UL><LI>Max Depth = 16<LI>Call Chain = app_custs1_create_db
</UL>
<BR>[Calls]<UL><LI><a href="#[f4]">&gt;&gt;</a>&nbsp;&nbsp;&nbsp;get_user_prf_srv_perm
<LI><a href="#[f5]">&gt;&gt;</a>&nbsp;&nbsp;&nbsp;ke_msg_send
<LI><a href="#[f3]">&gt;&gt;</a>&nbsp;&nbsp;&nbsp;ke_msg_alloc
</UL>
<BR>[Address Reference Count : 1]<UL><LI> lto-llvm-b00a77.o(.rodata.cust_prf_funcs)
</UL>
<P><STRONG><a name="[42]"></a>app_custs1_process_handler</STRONG> (Thumb, 26 bytes, Stack size 24 bytes, lto-llvm-b00a77.o(.text.app_custs1_process_handler))
<BR><BR>[Stack]<UL><LI>Max Depth = 24<LI>Call Chain = app_custs1_process_handler
</UL>
<BR>[Calls]<UL><LI><a href="#[f6]">&gt;&gt;</a>&nbsp;&nbsp;&nbsp;app_std_process_event
</UL>
<BR>[Address Reference Count : 1]<UL><LI> lto-llvm-b00a77.o(.rodata.app_process_handlers)
</UL>
<P><STRONG><a name="[14]"></a>adv_data_update_timer_cb</STRONG> (Thumb, 72 bytes, Stack size 24 bytes, lto-llvm-b00a77.o(.text.adv_data_update_timer_cb))
<BR><BR>[Stack]<UL><LI>Max Depth = 56<LI>Call Chain = adv_data_update_timer_cb &rArr; app_easy_timer &rArr; create_timer
</UL>
<BR>[Calls]<UL><LI><a href="#[f1]">&gt;&gt;</a>&nbsp;&nbsp;&nbsp;app_easy_gap_update_adv_data
<LI><a href="#[b9]">&gt;&gt;</a>&nbsp;&nbsp;&nbsp;__aeabi_memcpy
<LI><a href="#[f0]">&gt;&gt;</a>&nbsp;&nbsp;&nbsp;mnf_data_update
<LI><a href="#[f2]">&gt;&gt;</a>&nbsp;&nbsp;&nbsp;app_easy_timer
</UL>
<BR>[Address Reference Count : 2]<UL><LI> lto-llvm-b00a77.o(.text.user_app_adv_start)
<LI> lto-llvm-b00a77.o(.text.adv_data_update_timer_cb)
</UL>
<P><STRONG><a name="[f0]"></a>mnf_data_update</STRONG> (Thumb, 32 bytes, Stack size 0 bytes, lto-llvm-b00a77.o(.text.mnf_data_update))
<BR><BR>[Called By]<UL><LI><a href="#[14]">&gt;&gt;</a>&nbsp;&nbsp;&nbsp;adv_data_update_timer_cb
<LI><a href="#[a8]">&gt;&gt;</a>&nbsp;&nbsp;&nbsp;user_app_disconnect
</UL>

<P><STRONG><a name="[2d]"></a>param_update_request_timer_cb</STRONG> (Thumb, 76 bytes, Stack size 16 bytes, lto-llvm-b00a77.o(.text.param_update_request_timer_cb))
<BR><BR>[Stack]<UL><LI>Max Depth = 16<LI>Call Chain = param_update_request_timer_cb
</UL>
<BR>[Calls]<UL><LI><a href="#[f5]">&gt;&gt;</a>&nbsp;&nbsp;&nbsp;ke_msg_send
<LI><a href="#[f3]">&gt;&gt;</a>&nbsp;&nbsp;&nbsp;ke_msg_alloc
</UL>
<BR>[Address Reference Count : 1]<UL><LI> lto-llvm-b00a77.o(.text.user_app_connection)
</UL>
<P><STRONG><a name="[18]"></a>capture_mcp9808_data_cb_handler</STRONG> (Thumb, 64 bytes, Stack size 16 bytes, lto-llvm-b00a77.o(.text.capture_mcp9808_data_cb_handler))
<BR><BR>[Stack]<UL><LI>Max Depth = 48<LI>Call Chain = capture_mcp9808_data_cb_handler &rArr; app_easy_timer &rArr; create_timer
</UL>
<BR>[Calls]<UL><LI><a href="#[ff]">&gt;&gt;</a>&nbsp;&nbsp;&nbsp;prf_get_task_from_id
<LI><a href="#[f5]">&gt;&gt;</a>&nbsp;&nbsp;&nbsp;ke_msg_send
<LI><a href="#[f3]">&gt;&gt;</a>&nbsp;&nbsp;&nbsp;ke_msg_alloc
<LI><a href="#[ba]">&gt;&gt;</a>&nbsp;&nbsp;&nbsp;ke_state_get
<LI><a href="#[f2]">&gt;&gt;</a>&nbsp;&nbsp;&nbsp;app_easy_timer
</UL>
<BR>[Address Reference Count : 2]<UL><LI> lto-llvm-b00a77.o(.text.user_catch_rest_hndl)
<LI> lto-llvm-b00a77.o(.text.capture_mcp9808_data_cb_handler)
</UL>
<P><STRONG><a name="[17]"></a>capture_adxl345_data_cb_handler</STRONG> (Thumb, 64 bytes, Stack size 16 bytes, lto-llvm-b00a77.o(.text.capture_adxl345_data_cb_handler))
<BR><BR>[Stack]<UL><LI>Max Depth = 48<LI>Call Chain = capture_adxl345_data_cb_handler &rArr; app_easy_timer &rArr; create_timer
</UL>
<BR>[Calls]<UL><LI><a href="#[ff]">&gt;&gt;</a>&nbsp;&nbsp;&nbsp;prf_get_task_from_id
<LI><a href="#[f5]">&gt;&gt;</a>&nbsp;&nbsp;&nbsp;ke_msg_send
<LI><a href="#[f3]">&gt;&gt;</a>&nbsp;&nbsp;&nbsp;ke_msg_alloc
<LI><a href="#[ba]">&gt;&gt;</a>&nbsp;&nbsp;&nbsp;ke_state_get
<LI><a href="#[f2]">&gt;&gt;</a>&nbsp;&nbsp;&nbsp;app_easy_timer
</UL>
<BR>[Address Reference Count : 2]<UL><LI> lto-llvm-b00a77.o(.text.user_catch_rest_hndl)
<LI> lto-llvm-b00a77.o(.text.capture_adxl345_data_cb_handler)
</UL><P>
<H3>
Undefined Global Symbols
</H3>
<P><STRONG><a name="[11d]"></a>reset_indication</STRONG> (Unknown, 0 bytes, Stack size 0 bytes, UNDEFINED)
<BR><BR>[Called By]<UL><LI><a href="#[13]">&gt;&gt;</a>&nbsp;&nbsp;&nbsp;main
</UL>

<P><STRONG><a name="[11e]"></a>sb_read_otp_header</STRONG> (Unknown, 0 bytes, Stack size 0 bytes, UNDEFINED)
<BR><BR>[Called By]<UL><LI><a href="#[13]">&gt;&gt;</a>&nbsp;&nbsp;&nbsp;main
</UL>

<P><STRONG><a name="[11f]"></a>sb_set_debugger_mode</STRONG> (Unknown, 0 bytes, Stack size 0 bytes, UNDEFINED)
<BR><BR>[Called By]<UL><LI><a href="#[13]">&gt;&gt;</a>&nbsp;&nbsp;&nbsp;main
</UL>
<HR></body></html>
